<html>
<body>
<pre>
<h1>礦ision Build Log</h1>
<h2>Tool Versions:</h2>
IDE-Version: μVision V5.27.1.0
Copyright (C) 2019 ARM Ltd and ARM Germany GmbH. All rights reserved.
License Information: 111 1239625475@qq.com, 111, LIC=9WSKC-7HRPZ-63WMB-2BISP-SH4E2-QL8L2
 
Tool Versions:
Toolchain:       MDK-ARM Plus  Version: 5.27.1.0
Toolchain Path:  D:\keil\ARM\ARMCC\Bin
C Compiler:      Armcc.exe V5.06 update 6 (build 750)
Assembler:       Armasm.exe V5.06 update 6 (build 750)
Linker/Locator:  ArmLink.exe V5.06 update 6 (build 750)
Library Manager: ArmAr.exe V5.06 update 6 (build 750)
Hex Converter:   FromElf.exe V5.06 update 6 (build 750)
CPU DLL:         SARMCM3.DLL V5.27.1.0
Dialog DLL:      DCM.DLL V1.17.2.0
Target DLL:      STLink\ST-LINKIII-KEIL_SWO.dll V3.0.6.0
Dialog DLL:      TCM.DLL V1.36.1.0
 
<h2>Project:</h2>
C:\Users\12396\Desktop\电赛ti\二维板球代码\USER\Template.uvprojx
Project File Date:  07/18/2023

<h2>Output:</h2>
*** Using Compiler 'V5.06 update 6 (build 750)', folder: 'D:\keil\ARM\ARMCC\Bin'
Build target 'Template'
assembling startup_stm32f10x_md.s...
compiling core_cm3.c...
compiling stm32f10x_dbgmcu.c...
compiling main.c...
..\Hardware\pid.h(24): warning:  #1295-D: Deprecated declaration PID_init - give arg types
  void PID_init();
main.c(74): warning:  #111-D: statement is unreachable
  						break;
main.c(77): warning:  #1182-D: a declaration cannot have a label
  						int cnt=0;
main.c(108): warning:  #111-D: statement is unreachable
  						break;
main.c(124): warning:  #111-D: statement is unreachable
  						break;
main.c(175): warning:  #111-D: statement is unreachable
  						break;
main.c(54): warning:  #546-D: transfer of control bypasses initialization of:
            variable "cnt"  (declared at line 77)
  				switch(num3)
  				^
main.c: 7 warnings, 0 errors
compiling stm32f10x_it.c...
compiling stm32f10x_crc.c...
compiling stm32f10x_exti.c...
compiling stm32f10x_dma.c...
compiling stm32f10x_dac.c...
compiling stm32f10x_cec.c...
compiling stm32f10x_adc.c...
compiling system_stm32f10x.c...
compiling stm32f10x_bkp.c...
compiling misc.c...
compiling stm32f10x_can.c...
compiling stm32f10x_flash.c...
compiling stm32f10x_fsmc.c...
compiling stm32f10x_gpio.c...
compiling stm32f10x_iwdg.c...
compiling stm32f10x_i2c.c...
compiling stm32f10x_rtc.c...
compiling stm32f10x_wwdg.c...
compiling usart.c...
..\SYSTEM\usart\usart.c(48): warning:  #260-D: explicit type is missing ("int" assumed)
  _sys_exit(int x) 
..\SYSTEM\usart\usart.c: 1 warning, 0 errors
compiling stm32f10x_spi.c...
compiling delay.c...
compiling stm32f10x_pwr.c...
compiling stm32f10x_sdio.c...
compiling stm32f10x_usart.c...
compiling stm32f10x_rcc.c...
compiling stm32f10x_tim.c...
compiling sys.c...
compiling PWM.c...
..\Hardware\PWM.c(52): warning:  #1-D: last line of file ends without a newline
  }
..\Hardware\PWM.c: 1 warning, 0 errors
compiling OLED.c...
compiling KEY.c...
compiling EXIT.c...
compiling AD.c...
compiling control.c...
..\Hardware\control.c(10): warning:  #177-D: variable "X_v_KP"  was declared but never referenced
  static float X_v_KP = 0; //x->p    
..\Hardware\control.c(11): warning:  #177-D: variable "X_v_KI"  was declared but never referenced
  static float X_v_KI = 0; //x->i
..\Hardware\control.c(12): warning:  #177-D: variable "X_v_KD"  was declared but never referenced
  static float X_v_KD = 0; //x->d
..\Hardware\control.c(20): warning:  #177-D: variable "Integral_v_bias"  was declared but never referenced
  static int Integral_v_bias = 0; //积分限幅
..\Hardware\control.c(21): warning:  #177-D: variable "limit_a"  was declared but never referenced
  static int limit_a = 10; //输出限幅
..\Hardware\control.c: 5 warnings, 0 errors
compiling pid.c...
..\Hardware\pid.h(24): warning:  #1295-D: Deprecated declaration PID_init - give arg types
  void PID_init();
..\Hardware\pid.c: 1 warning, 0 errors
linking...
Program Size: Code=14726 RO-data=1966 RW-data=464 ZI-data=1832  
FromELF: creating hex file...
"..\OBJ\Template.axf" - 0 Error(s), 15 Warning(s).

<h2>Software Packages used:</h2>

Package Vendor: Keil
                http://www.keil.com/pack/Keil.STM32F1xx_DFP.1.0.5.pack
                Keil.STM32F1xx_DFP.1.0.5
                STMicroelectronics STM32F1 Series Device Support, Drivers and Examples

<h2>Collection of Component include folders:</h2>
  .\RTE\_Template
  D:\keil\Keil\STM32F1xx_DFP\1.0.5\Device\Include

<h2>Collection of Component Files used:</h2>
Build Time Elapsed:  00:00:02
</pre>
</body>
</html>
