Component: ARM Compiler 5.06 update 6 (build 750) Tool: armlink [4d35ed]

==============================================================================

Section Cross References

    main.o(i.cmp1) refers to faddsub_clz.o(x$fpl$fsub) for __aeabi_fsub
    main.o(i.cmp1) refers to f2d.o(x$fpl$f2d) for __aeabi_f2d
    main.o(i.cmp1) refers to drleqf.o(x$fpl$drleqf) for __aeabi_cdrcmple
    main.o(i.cmp1) refers to dleqf.o(x$fpl$dleqf) for __aeabi_cdcmple
    main.o(i.cmp1) refers to frleqf.o(x$fpl$frleqf) for __aeabi_cfrcmple
    main.o(i.init) refers to main.o(.bss) for bord_pos
    main.o(i.is_in_th) refers to fflt_clz.o(x$fpl$fflt) for __aeabi_i2f
    main.o(i.is_in_th) refers to fleqf.o(x$fpl$fleqf) for __aeabi_cfcmple
    main.o(i.is_in_th) refers to frleqf.o(x$fpl$frleqf) for __aeabi_cfrcmple
    main.o(i.main) refers to misc.o(i.NVIC_PriorityGroupConfig) for NVIC_PriorityGroupConfig
    main.o(i.main) refers to delay.o(i.delay_init) for delay_init
    main.o(i.main) refers to usart.o(i.uart_init) for uart_init
    main.o(i.main) refers to noretval__2printf.o(.text) for __2printf
    main.o(i.main) refers to mpu6050.o(i.MPU_Init) for MPU_Init
    main.o(i.main) refers to inv_mpu.o(i.mpu_dmp_init) for mpu_dmp_init
    main.o(i.main) refers to led.o(i.led_init) for led_init
    main.o(i.main) refers to inv_mpu.o(i.mpu_dmp_get_data) for mpu_dmp_get_data
    main.o(i.main) refers to mpu6050.o(i.MPU_Get_Accelerometer) for MPU_Get_Accelerometer
    main.o(i.main) refers to fleqf.o(x$fpl$fleqf) for __aeabi_cfcmple
    main.o(i.main) refers to frleqf.o(x$fpl$frleqf) for __aeabi_cfrcmple
    main.o(i.main) refers to faddsub_clz.o(x$fpl$fsub) for __aeabi_fsub
    main.o(i.main) refers to main.o(i.mode2) for mode2
    main.o(i.main) refers to main.o(i.mode3) for mode3
    main.o(i.main) refers to main.o(i.mode4) for mode4
    main.o(i.main) refers to main.o(i.mode5_) for mode5_
    main.o(i.main) refers to main.o(i.mode5_2) for mode5_2
    main.o(i.main) refers to main.o(.data) for powtim
    main.o(i.main) refers to main.o(.bss) for angle
    main.o(i.match_square_side) refers to faddsub_clz.o(x$fpl$frsb) for __aeabi_frsub
    main.o(i.match_square_side) refers to main.o(i.is_in_th) for is_in_th
    main.o(i.match_square_side) refers to main.o(i.my_abs) for my_abs
    main.o(i.match_square_side) refers to frleqf.o(x$fpl$frleqf) for __aeabi_cfrcmple
    main.o(i.match_square_side) refers to faddsub_clz.o(x$fpl$fsub) for __aeabi_fsub
    main.o(i.match_square_side) refers to main.o(.data) for square_side
    main.o(i.mode2) refers to _printf_percent.o(.ARM.Collect$$_printf_percent$$00000000) for _printf_percent
    main.o(i.mode2) refers to _printf_f.o(.ARM.Collect$$_printf_percent$$00000003) for _printf_f
    main.o(i.mode2) refers to printf1.o(x$fpl$printf1) for _printf_fp_dec
    main.o(i.mode2) refers to main.o(i.test_state) for test_state
    main.o(i.mode2) refers to faddsub_clz.o(x$fpl$fadd) for __aeabi_fadd
    main.o(i.mode2) refers to f2d.o(x$fpl$f2d) for __aeabi_f2d
    main.o(i.mode2) refers to ddiv.o(x$fpl$ddiv) for __aeabi_ddiv
    main.o(i.mode2) refers to d2f.o(x$fpl$d2f) for __aeabi_d2f
    main.o(i.mode2) refers to noretval__2printf.o(.text) for __2printf
    main.o(i.mode2) refers to main.o(.data) for hh
    main.o(i.mode2) refers to main.o(.bss) for angle
    main.o(i.mode3) refers to _printf_percent.o(.ARM.Collect$$_printf_percent$$00000000) for _printf_percent
    main.o(i.mode3) refers to _printf_f.o(.ARM.Collect$$_printf_percent$$00000003) for _printf_f
    main.o(i.mode3) refers to printf1.o(x$fpl$printf1) for _printf_fp_dec
    main.o(i.mode3) refers to _printf_d.o(.ARM.Collect$$_printf_percent$$00000009) for _printf_d
    main.o(i.mode3) refers to _printf_dec.o(.text) for _printf_int_dec
    main.o(i.mode3) refers to main.o(i.test_state) for test_state
    main.o(i.mode3) refers to faddsub_clz.o(x$fpl$fadd) for __aeabi_fadd
    main.o(i.mode3) refers to f2d.o(x$fpl$f2d) for __aeabi_f2d
    main.o(i.mode3) refers to ddiv.o(x$fpl$ddiv) for __aeabi_ddiv
    main.o(i.mode3) refers to d2f.o(x$fpl$d2f) for __aeabi_d2f
    main.o(i.mode3) refers to main.o(i.match_square_side) for match_square_side
    main.o(i.mode3) refers to noretval__2printf.o(.text) for __2printf
    main.o(i.mode3) refers to main.o(.data) for hh
    main.o(i.mode3) refers to main.o(.bss) for angle
    main.o(i.mode4) refers to _printf_percent.o(.ARM.Collect$$_printf_percent$$00000000) for _printf_percent
    main.o(i.mode4) refers to _printf_d.o(.ARM.Collect$$_printf_percent$$00000009) for _printf_d
    main.o(i.mode4) refers to _printf_dec.o(.text) for _printf_int_dec
    main.o(i.mode4) refers to main.o(i.init) for init
    main.o(i.mode4) refers to inv_mpu.o(i.mpu_dmp_get_data) for mpu_dmp_get_data
    main.o(i.mode4) refers to faddsub_clz.o(x$fpl$fsub) for __aeabi_fsub
    main.o(i.mode4) refers to main.o(i.my_abs) for my_abs
    main.o(i.mode4) refers to main.o(i.cmp1) for cmp1
[...]
    set_int_enable                           0x08006835   Thumb Code   138  inv_mpu.o(i.set_int_enable)
    i.sqrt                                   0x080068c4   Section        0  sqrt.o(i.sqrt)
    i.test_state                             0x08006910   Section        0  main.o(i.test_state)
    i.uart_init                              0x080069bc   Section        0  usart.o(i.uart_init)
    locale$$code                             0x08006a5c   Section       44  lc_numeric_c.o(locale$$code)
    x$fpl$d2f                                0x08006a88   Section       98  d2f.o(x$fpl$d2f)
    x$fpl$dadd                               0x08006aec   Section      336  daddsub_clz.o(x$fpl$dadd)
    _dadd1                                   0x08006afd   Thumb Code     0  daddsub_clz.o(x$fpl$dadd)
    x$fpl$dcheck1                            0x08006c3c   Section       16  dcheck1.o(x$fpl$dcheck1)
    x$fpl$dcmpinf                            0x08006c4c   Section       24  dcmpi.o(x$fpl$dcmpinf)
    x$fpl$ddiv                               0x08006c64   Section      688  ddiv.o(x$fpl$ddiv)
    ddiv_entry                               0x08006c6b   Thumb Code     0  ddiv.o(x$fpl$ddiv)
    x$fpl$dleqf                              0x08006f14   Section      120  dleqf.o(x$fpl$dleqf)
    x$fpl$dmul                               0x08006f8c   Section      340  dmul.o(x$fpl$dmul)
    x$fpl$dnaninf                            0x080070e0   Section      156  dnaninf.o(x$fpl$dnaninf)
    x$fpl$dretinf                            0x0800717c   Section       12  dretinf.o(x$fpl$dretinf)
    x$fpl$drleqf                             0x08007188   Section      108  drleqf.o(x$fpl$drleqf)
    x$fpl$drsb                               0x080071f4   Section       22  daddsub_clz.o(x$fpl$drsb)
    x$fpl$dsqrt                              0x0800720c   Section      460  dsqrt_noumaal.o(x$fpl$dsqrt)
    x$fpl$dsub                               0x080073d8   Section      468  daddsub_clz.o(x$fpl$dsub)
    _dsub1                                   0x080073e9   Thumb Code     0  daddsub_clz.o(x$fpl$dsub)
    x$fpl$f2d                                0x080075ac   Section       86  f2d.o(x$fpl$f2d)
    x$fpl$fadd                               0x08007604   Section      196  faddsub_clz.o(x$fpl$fadd)
    _fadd1                                   0x08007613   Thumb Code     0  faddsub_clz.o(x$fpl$fadd)
    x$fpl$fcmpinf                            0x080076c8   Section       24  fcmpi.o(x$fpl$fcmpinf)
    x$fpl$fdiv                               0x080076e0   Section      388  fdiv.o(x$fpl$fdiv)
    _fdiv1                                   0x080076e1   Thumb Code     0  fdiv.o(x$fpl$fdiv)
    x$fpl$feqf                               0x08007864   Section      104  feqf.o(x$fpl$feqf)
    x$fpl$ffix                               0x080078cc   Section       54  ffix.o(x$fpl$ffix)
    x$fpl$ffixu                              0x08007904   Section       62  ffixu.o(x$fpl$ffixu)
    x$fpl$fflt                               0x08007944   Section       48  fflt_clz.o(x$fpl$fflt)
    x$fpl$ffltu                              0x08007974   Section       38  fflt_clz.o(x$fpl$ffltu)
    x$fpl$fleqf                              0x0800799c   Section      104  fleqf.o(x$fpl$fleqf)
    x$fpl$fmul                               0x08007a04   Section      258  fmul.o(x$fpl$fmul)
    x$fpl$fnaninf                            0x08007b06   Section      140  fnaninf.o(x$fpl$fnaninf)
    x$fpl$fretinf                            0x08007b92   Section       10  fretinf.o(x$fpl$fretinf)
    x$fpl$frleqf                             0x08007b9c   Section       98  frleqf.o(x$fpl$frleqf)
    x$fpl$frsb                               0x08007bfe   Section       20  faddsub_clz.o(x$fpl$frsb)
    x$fpl$fsub                               0x08007c14   Section      234  faddsub_clz.o(x$fpl$fsub)
    _fsub1                                   0x08007c23   Thumb Code     0  faddsub_clz.o(x$fpl$fsub)
    x$fpl$printf1                            0x08007cfe   Section        4  printf1.o(x$fpl$printf1)
    x$fpl$retnan                             0x08007d02   Section      100  retnan.o(x$fpl$retnan)
    x$fpl$scalbn                             0x08007d66   Section       92  scalbn.o(x$fpl$scalbn)
    x$fpl$trapveneer                         0x08007dc2   Section       48  trapv.o(x$fpl$trapveneer)
    x$fpl$usenofp                            0x08007df2   Section        0  usenofp.o(x$fpl$usenofp)
    .constdata                               0x08007df4   Section       40  main.o(.constdata)
    .constdata                               0x08007e1c   Section       80  inv_mpu.o(.constdata)
    .constdata                               0x08007e6c   Section     3062  inv_mpu_dmp_motion_driver.o(.constdata)
    dmp_memory                               0x08007e6c   Data        3062  inv_mpu_dmp_motion_driver.o(.constdata)
    .constdata                               0x08008a62   Section       17  __printf_flags_wp.o(.constdata)
    maptable                                 0x08008a62   Data          17  __printf_flags_wp.o(.constdata)
    .constdata                               0x08008a78   Section       80  asin.o(.constdata)
    pS                                       0x08008a78   Data          48  asin.o(.constdata)
    qS                                       0x08008aa8   Data          32  asin.o(.constdata)
    .constdata                               0x08008ac8   Section      152  atan.o(.constdata)
    atanhi                                   0x08008ac8   Data          32  atan.o(.constdata)
    atanlo                                   0x08008ae8   Data          32  atan.o(.constdata)
    aTodd                                    0x08008b08   Data          40  atan.o(.constdata)
    aTeven                                   0x08008b30   Data          48  atan.o(.constdata)
    .constdata                               0x08008b60   Section        8  qnan.o(.constdata)
    .constdata                               0x08008b68   Section      148  bigflt0.o(.constdata)
    tenpwrs_x                                0x08008b68   Data          60  bigflt0.o(.constdata)
    tenpwrs_i                                0x08008ba4   Data          64  bigflt0.o(.constdata)
    .conststring                             0x08008bfc   Section       77  inv_mpu.o(.conststring)
    locale$$data                             0x08008c6c   Section       28  lc_numeric_c.o(locale$$data)
    __lcnum_c_name                           0x08008c70   Data           2  lc_numeric_c.o(locale$$data)
    __lcnum_c_start                          0x08008c78   Data           0  lc_numeric_c.o(locale$$data)
    __lcnum_c_point                          0x08008c84   Data           0  lc_numeric_c.o(locale$$data)
    __lcnum_c_thousands                      0x08008c86   Data           0  lc_numeric_c.o(locale$$data)
    __lcnum_c_grouping                       0x08008c87   Data           0  lc_numeric_c.o(locale$$data)
    __lcnum_c_end                            0x08008c88   Data           0  lc_numeric_c.o(locale$$data)
    .data                                    0x20000000   Section      232  main.o(.data)
    x_i                                      0x200000b8   Data           4  main.o(.data)
    y_i                                      0x200000bc   Data           4  main.o(.data)
    ximax                                    0x200000c0   Data           4  main.o(.data)
    ximin                                    0x200000c4   Data           4  main.o(.data)
    yimax                                    0x200000c8   Data           4  main.o(.data)
    yimin                                    0x200000cc   Data           4  main.o(.data)
    x_i                                      0x200000d0   Data           4  main.o(.data)
    y_i                                      0x200000d4   Data           4  main.o(.data)
    ximax                                    0x200000d8   Data           4  main.o(.data)
    ximin                                    0x200000dc   Data           4  main.o(.data)
    yimax                                    0x200000e0   Data           4  main.o(.data)
    yimin                                    0x200000e4   Data           4  main.o(.data)
    .data                                    0x200000e8   Section       20  system_stm32f10x.o(.data)
    .data                                    0x200000fc   Section        4  delay.o(.data)
    fac_us                                   0x200000fc   Data           1  delay.o(.data)
    fac_ms                                   0x200000fe   Data           2  delay.o(.data)
    .data                                    0x20000100   Section        6  usart.o(.data)
    .data                                    0x20000106   Section       20  stm32f10x_rcc.o(.data)
    APBAHBPrescTable                         0x20000106   Data          16  stm32f10x_rcc.o(.data)
    ADCPrescTable                            0x20000116   Data           4  stm32f10x_rcc.o(.data)
    .data                                    0x2000011c   Section       53  inv_mpu.o(.data)
    st                                       0x2000011c   Data          44  inv_mpu.o(.data)
    gyro_orientation                         0x20000148   Data           9  inv_mpu.o(.data)
    .bss                                     0x20000154   Section    10432  main.o(.bss)
    .bss                                     0x20002a14   Section      200  usart.o(.bss)
    .bss                                     0x20002adc   Section       16  inv_mpu_dmp_motion_driver.o(.bss)
    dmp                                      0x20002adc   Data          16  inv_mpu_dmp_motion_driver.o(.bss)
    .bss                                     0x20002aec   Section       96  libspace.o(.bss)
    HEAP                                     0x20002b50   Section      512  startup_stm32f10x_md.o(HEAP)
    Heap_Mem                                 0x20002b50   Data         512  startup_stm32f10x_md.o(HEAP)
    STACK                                    0x20002d50   Section     1024  startup_stm32f10x_md.o(STACK)
    Stack_Mem                                0x20002d50   Data        1024  startup_stm32f10x_md.o(STACK)
    __initial_sp                             0x20003150   Data           0  startup_stm32f10x_md.o(STACK)

    Global Symbols

    Symbol Name                              Value     Ov Type        Size  Object(Section)

    BuildAttributes$$THM_ISAv4$P$D$K$B$S$PE$A:L22UL41UL21$X:L11$S22US41US21$IEEE1$IW$USESV6$~STKCKD$USESV7$~SHL$OTIME$ROPI$IEEEX$EBA8$UX$STANDARDLIB$REQ8$PRES8$EABIv2 0x00000000   Number         0  anon$$obj.o ABSOLUTE
    __ARM_use_no_argv                        0x00000000   Number         0  main.o ABSOLUTE
    _printf_flags                            0x00000000   Number         0  printf_stubs.o ABSOLUTE
    _printf_return_value                     0x00000000   Number         0  printf_stubs.o ABSOLUTE
    _printf_sizespec                         0x00000000   Number         0  printf_stubs.o ABSOLUTE
    _printf_widthprec                        0x00000000   Number         0  printf_stubs.o ABSOLUTE
    __ARM_exceptions_init                     - Undefined Weak Reference
    __alloca_initialize                       - Undefined Weak Reference
    __arm_preinit_                            - Undefined Weak Reference
    __cpp_initialize__aeabi_                  - Undefined Weak Reference
    __cxa_finalize                            - Undefined Weak Reference
    __sigvec_lookup                           - Undefined Weak Reference
    _atexit_init                              - Undefined Weak Reference
    _call_atexit_fns                          - Undefined Weak Reference
    _clock_init                               - Undefined Weak Reference
    _fp_trap_init                             - Undefined Weak Reference
    _fp_trap_shutdown                         - Undefined Weak Reference
    _get_lc_collate                           - Undefined Weak Reference
    _get_lc_ctype                             - Undefined Weak Reference
    _get_lc_monetary                          - Undefined Weak Reference
    _get_lc_time                              - Undefined Weak Reference
    _getenv_init                              - Undefined Weak Reference
    _handle_redirection                       - Undefined Weak Reference
    _init_alloc                               - Undefined Weak Reference
    _init_user_alloc                          - Undefined Weak Reference
    _initio                                   - Undefined Weak Reference
    _mutex_acquire                            - Undefined Weak Reference
    _mutex_release                            - Undefined Weak Reference
    _printf_truncate_signed                   - Undefined Weak Reference
    _printf_truncate_unsigned                 - Undefined Weak Reference
    _rand_init                                - Undefined Weak Reference
    _signal_finish                            - Undefined Weak Reference
    _signal_init                              - Undefined Weak Reference
    _terminate_alloc                          - Undefined Weak Reference
    _terminate_user_alloc                     - Undefined Weak Reference
    _terminateio                              - Undefined Weak Reference
    __Vectors_Size                           0x000000ec   Number         0  startup_stm32f10x_md.o ABSOLUTE
    __Vectors                                0x08000000   Data           4  startup_stm32f10x_md.o(RESET)
    __Vectors_End                            0x080000ec   Data           0  startup_stm32f10x_md.o(RESET)
    __main                                   0x080000ed   Thumb Code     8  __main.o(!!!main)
    __scatterload                            0x080000f5   Thumb Code     0  __scatter.o(!!!scatter)
    __scatterload_rt2                        0x080000f5   Thumb Code    44  __scatter.o(!!!scatter)
    __scatterload_rt2_thumb_only             0x080000f5   Thumb Code     0  __scatter.o(!!!scatter)
    __scatterload_null                       0x08000103   Thumb Code     0  __scatter.o(!!!scatter)
    __decompress                             0x08000129   Thumb Code    90  __dczerorl2.o(!!dczerorl2)
    __decompress1                            0x08000129   Thumb Code     0  __dczerorl2.o(!!dczerorl2)
    __scatterload_zeroinit                   0x08000185   Thumb Code    28  __scatter_zi.o(!!handler_zi)
    _printf_f                                0x080001a1   Thumb Code     0  _printf_f.o(.ARM.Collect$$_printf_percent$$00000003)
    _printf_percent                          0x080001a1   Thumb Code     0  _printf_percent.o(.ARM.Collect$$_printf_percent$$00000000)
    _printf_d                                0x080001a7   Thumb Code     0  _printf_d.o(.ARM.Collect$$_printf_percent$$00000009)
    _printf_percent_end                      0x080001ad   Thumb Code     0  _printf_percent_end.o(.ARM.Collect$$_printf_percent$$00000017)
    __rt_lib_init                            0x080001b1   Thumb Code     0  libinit.o(.ARM.Collect$$libinit$$00000000)
    __rt_lib_init_fp_1                       0x080001b3   Thumb Code     0  libinit2.o(.ARM.Collect$$libinit$$00000002)
    __rt_lib_init_heap_1                     0x080001b3   Thumb Code     0  libinit2.o(.ARM.Collect$$libinit$$0000000A)
    __rt_lib_init_lc_common                  0x080001b3   Thumb Code     0  libinit2.o(.ARM.Collect$$libinit$$0000000F)
    __rt_lib_init_preinit_1                  0x080001b3   Thumb Code     0  libinit2.o(.ARM.Collect$$libinit$$00000004)
    __rt_lib_init_rand_1                     0x080001b3   Thumb Code     0  libinit2.o(.ARM.Collect$$libinit$$0000000E)
    __rt_lib_init_user_alloc_1               0x080001b3   Thumb Code     0  libinit2.o(.ARM.Collect$$libinit$$0000000C)
    __rt_lib_init_lc_collate_1               0x080001b9   Thumb Code     0  libinit2.o(.ARM.Collect$$libinit$$00000011)
    __rt_lib_init_lc_ctype_1                 0x080001b9   Thumb Code     0  libinit2.o(.ARM.Collect$$libinit$$00000013)
    __rt_lib_init_lc_monetary_1              0x080001b9   Thumb Code     0  libinit2.o(.ARM.Collect$$libinit$$00000015)
    __rt_lib_init_lc_numeric_2               0x080001b9   Thumb Code     0  libinit2.o(.ARM.Collect$$libinit$$00000016)
    __rt_lib_init_alloca_1                   0x080001c3   Thumb Code     0  libinit2.o(.ARM.Collect$$libinit$$0000002E)
    __rt_lib_init_argv_1                     0x080001c3   Thumb Code     0  libinit2.o(.ARM.Collect$$libinit$$0000002C)
    __rt_lib_init_atexit_1                   0x080001c3   Thumb Code     0  libinit2.o(.ARM.Collect$$libinit$$0000001B)
    __rt_lib_init_clock_1                    0x080001c3   Thumb Code     0  libinit2.o(.ARM.Collect$$libinit$$00000021)
    __rt_lib_init_cpp_1                      0x080001c3   Thumb Code     0  libinit2.o(.ARM.Collect$$libinit$$00000032)
    __rt_lib_init_exceptions_1               0x080001c3   Thumb Code     0  libinit2.o(.ARM.Collect$$libinit$$00000030)
    __rt_lib_init_fp_trap_1                  0x080001c3   Thumb Code     0  libinit2.o(.ARM.Collect$$libinit$$0000001F)
    __rt_lib_init_getenv_1                   0x080001c3   Thumb Code     0  libinit2.o(.ARM.Collect$$libinit$$00000023)
    __rt_lib_init_lc_numeric_1               0x080001c3   Thumb Code     0  libinit2.o(.ARM.Collect$$libinit$$00000017)
    __rt_lib_init_lc_time_1                  0x080001c3   Thumb Code     0  libinit2.o(.ARM.Collect$$libinit$$00000019)
    __rt_lib_init_return                     0x080001c3   Thumb Code     0  libinit2.o(.ARM.Collect$$libinit$$00000033)
    __rt_lib_init_signal_1                   0x080001c3   Thumb Code     0  libinit2.o(.ARM.Collect$$libinit$$0000001D)
    __rt_lib_init_stdio_1                    0x080001c3   Thumb Code     0  libinit2.o(.ARM.Collect$$libinit$$00000025)
    __rt_lib_shutdown                        0x080001c5   Thumb Code     0  libshutdown.o(.ARM.Collect$$libshutdown$$00000000)
    __rt_lib_shutdown_cpp_1                  0x080001c7   Thumb Code     0  libshutdown2.o(.ARM.Collect$$libshutdown$$00000002)
    __rt_lib_shutdown_fp_trap_1              0x080001c7   Thumb Code     0  libshutdown2.o(.ARM.Collect$$libshutdown$$00000007)
    __rt_lib_shutdown_heap_1                 0x080001c7   Thumb Code     0  libshutdown2.o(.ARM.Collect$$libshutdown$$0000000F)
    __rt_lib_shutdown_return                 0x080001c7   Thumb Code     0  libshutdown2.o(.ARM.Collect$$libshutdown$$00000010)
    __rt_lib_shutdown_signal_1               0x080001c7   Thumb Code     0  libshutdown2.o(.ARM.Collect$$libshutdown$$0000000A)
    __rt_lib_shutdown_stdio_1                0x080001c7   Thumb Code     0  libshutdown2.o(.ARM.Collect$$libshutdown$$00000004)
    __rt_lib_shutdown_user_alloc_1           0x080001c7   Thumb Code     0  libshutdown2.o(.ARM.Collect$$libshutdown$$0000000C)
    __rt_entry                               0x080001c9   Thumb Code     0  __rtentry.o(.ARM.Collect$$rtentry$$00000000)
    __rt_entry_presh_1                       0x080001c9   Thumb Code     0  __rtentry2.o(.ARM.Collect$$rtentry$$00000002)
    __rt_entry_sh                            0x080001c9   Thumb Code     0  __rtentry4.o(.ARM.Collect$$rtentry$$00000004)
    __rt_entry_li                            0x080001cf   Thumb Code     0  __rtentry2.o(.ARM.Collect$$rtentry$$0000000A)
    __rt_entry_postsh_1                      0x080001cf   Thumb Code     0  __rtentry2.o(.ARM.Collect$$rtentry$$00000009)
    __rt_entry_main                          0x080001d3   Thumb Code     0  __rtentry2.o(.ARM.Collect$$rtentry$$0000000D)
    __rt_entry_postli_1                      0x080001d3   Thumb Code     0  __rtentry2.o(.ARM.Collect$$rtentry$$0000000C)
    __rt_exit                                0x080001db   Thumb Code     0  rtexit.o(.ARM.Collect$$rtexit$$00000000)
    __rt_exit_ls                             0x080001dd   Thumb Code     0  rtexit2.o(.ARM.Collect$$rtexit$$00000003)
    __rt_exit_prels_1                        0x080001dd   Thumb Code     0  rtexit2.o(.ARM.Collect$$rtexit$$00000002)
    __rt_exit_exit                           0x080001e1   Thumb Code     0  rtexit2.o(.ARM.Collect$$rtexit$$00000004)
    Reset_Handler                            0x080001e9   Thumb Code     8  startup_stm32f10x_md.o(.text)
    ADC1_2_IRQHandler                        0x08000203   Thumb Code     0  startup_stm32f10x_md.o(.text)
    CAN1_RX1_IRQHandler                      0x08000203   Thumb Code     0  startup_stm32f10x_md.o(.text)
    CAN1_SCE_IRQHandler                      0x08000203   Thumb Code     0  startup_stm32f10x_md.o(.text)
    DMA1_Channel1_IRQHandler                 0x08000203   Thumb Code     0  startup_stm32f10x_md.o(.text)
    DMA1_Channel2_IRQHandler                 0x08000203   Thumb Code     0  startup_stm32f10x_md.o(.text)
    DMA1_Channel3_IRQHandler                 0x08000203   Thumb Code     0  startup_stm32f10x_md.o(.text)
    DMA1_Channel4_IRQHandler                 0x08000203   Thumb Code     0  startup_stm32f10x_md.o(.text)
    DMA1_Channel5_IRQHandler                 0x08000203   Thumb Code     0  startup_stm32f10x_md.o(.text)
    DMA1_Channel6_IRQHandler                 0x08000203   Thumb Code     0  startup_stm32f10x_md.o(.text)
    DMA1_Channel7_IRQHandler                 0x08000203   Thumb Code     0  startup_stm32f10x_md.o(.text)
    EXTI0_IRQHandler                         0x08000203   Thumb Code     0  startup_stm32f10x_md.o(.text)
    EXTI15_10_IRQHandler                     0x08000203   Thumb Code     0  startup_stm32f10x_md.o(.text)
    EXTI1_IRQHandler                         0x08000203   Thumb Code     0  startup_stm32f10x_md.o(.text)
    EXTI2_IRQHandler                         0x08000203   Thumb Code     0  startup_stm32f10x_md.o(.text)
    EXTI3_IRQHandler                         0x08000203   Thumb Code     0  startup_stm32f10x_md.o(.text)
    EXTI4_IRQHandler                         0x08000203   Thumb Code     0  startup_stm32f10x_md.o(.text)
    EXTI9_5_IRQHandler                       0x08000203   Thumb Code     0  startup_stm32f10x_md.o(.text)
    FLASH_IRQHandler                         0x08000203   Thumb Code     0  startup_stm32f10x_md.o(.text)
    I2C1_ER_IRQHandler                       0x08000203   Thumb Code     0  startup_stm32f10x_md.o(.text)
    I2C1_EV_IRQHandler                       0x08000203   Thumb Code     0  startup_stm32f10x_md.o(.text)
    I2C2_ER_IRQHandler                       0x08000203   Thumb Code     0  startup_stm32f10x_md.o(.text)
    I2C2_EV_IRQHandler                       0x08000203   Thumb Code     0  startup_stm32f10x_md.o(.text)
    PVD_IRQHandler                           0x08000203   Thumb Code     0  startup_stm32f10x_md.o(.text)
    RCC_IRQHandler                           0x08000203   Thumb Code     0  startup_stm32f10x_md.o(.text)
    RTCAlarm_IRQHandler                      0x08000203   Thumb Code     0  startup_stm32f10x_md.o(.text)
    RTC_IRQHandler                           0x08000203   Thumb Code     0  startup_stm32f10x_md.o(.text)
    SPI1_IRQHandler                          0x08000203   Thumb Code     0  startup_stm32f10x_md.o(.text)
    SPI2_IRQHandler                          0x08000203   Thumb Code     0  startup_stm32f10x_md.o(.text)
    TAMPER_IRQHandler                        0x08000203   Thumb Code     0  startup_stm32f10x_md.o(.text)
    TIM1_BRK_IRQHandler                      0x08000203   Thumb Code     0  startup_stm32f10x_md.o(.text)
    TIM1_CC_IRQHandler                       0x08000203   Thumb Code     0  startup_stm32f10x_md.o(.text)
    TIM1_TRG_COM_IRQHandler                  0x08000203   Thumb Code     0  startup_stm32f10x_md.o(.text)
    TIM1_UP_IRQHandler                       0x08000203   Thumb Code     0  startup_stm32f10x_md.o(.text)
    TIM2_IRQHandler                          0x08000203   Thumb Code     0  startup_stm32f10x_md.o(.text)
    TIM3_IRQHandler                          0x08000203   Thumb Code     0  startup_stm32f10x_md.o(.text)
    TIM4_IRQHandler                          0x08000203   Thumb Code     0  startup_stm32f10x_md.o(.text)
    USART2_IRQHandler                        0x08000203   Thumb Code     0  startup_stm32f10x_md.o(.text)
    USART3_IRQHandler                        0x08000203   Thumb Code     0  startup_stm32f10x_md.o(.text)
    USBWakeUp_IRQHandler                     0x08000203   Thumb Code     0  startup_stm32f10x_md.o(.text)
    USB_HP_CAN1_TX_IRQHandler                0x08000203   Thumb Code     0  startup_stm32f10x_md.o(.text)
    USB_LP_CAN1_RX0_IRQHandler               0x08000203   Thumb Code     0  startup_stm32f10x_md.o(.text)
    WWDG_IRQHandler                          0x08000203   Thumb Code     0  startup_stm32f10x_md.o(.text)
    __user_initial_stackheap                 0x08000205   Thumb Code     0  startup_stm32f10x_md.o(.text)
    __use_no_semihosting                     0x08000229   Thumb Code     2  use_no_semi_2.o(.text)
    __aeabi_ldivmod                          0x0800022b   Thumb Code     0  llsdiv.o(.text)
    _ll_sdiv                                 0x0800022b   Thumb Code    72  llsdiv.o(.text)
    __2printf                                0x08000275   Thumb Code    20  noretval__2printf.o(.text)
    _printf_int_dec                          0x0800028d   Thumb Code   104  _printf_dec.o(.text)
    __printf                                 0x08000305   Thumb Code   308  __printf_flags_wp.o(.text)
    memcmp                                   0x0800043d   Thumb Code    88  memcmp.o(.text)
    __aeabi_memset                           0x08000495   Thumb Code    16  aeabi_memset.o(.text)
    __use_two_region_memory                  0x080004a5   Thumb Code     2  heapauxi.o(.text)
    __rt_heap_escrow$2region                 0x080004a7   Thumb Code     2  heapauxi.o(.text)
    __rt_heap_expand$2region                 0x080004a9   Thumb Code     2  heapauxi.o(.text)
    __I$use$semihosting                      0x080004ab   Thumb Code     0  use_no_semi.o(.text)
    __use_no_semihosting_swi                 0x080004ab   Thumb Code     2  use_no_semi.o(.text)
    __aeabi_uldivmod                         0x080004ad   Thumb Code     0  lludivv7m.o(.text)
    _ll_udiv                                 0x080004ad   Thumb Code   238  lludivv7m.o(.text)
    __read_errno                             0x0800059b   Thumb Code    10  _rserrno.o(.text)
    __set_errno                              0x080005a5   Thumb Code    12  _rserrno.o(.text)
    _printf_int_common                       0x080005b1   Thumb Code   178  _printf_intcommon.o(.text)
    __lib_sel_fp_printf                      0x08000663   Thumb Code     2  _printf_fp_dec.o(.text)
    _printf_fp_dec_real                      0x08000815   Thumb Code   620  _printf_fp_dec.o(.text)
    _printf_char_file                        0x08000a81   Thumb Code    32  _printf_char_file.o(.text)
    __aeabi_memclr                           0x08000aa5   Thumb Code     0  rt_memclr.o(.text)
    __rt_memclr                              0x08000aa5   Thumb Code    68  rt_memclr.o(.text)
    _memset                                  0x08000aa9   Thumb Code     0  rt_memclr.o(.text)
    __rt_locale                              0x08000ae9   Thumb Code     8  rt_locale_intlibspace.o(.text)
    __aeabi_errno_addr                       0x08000af1   Thumb Code     8  rt_errno_addr_intlibspace.o(.text)
    __errno$intlibspace                      0x08000af1   Thumb Code     0  rt_errno_addr_intlibspace.o(.text)
    __rt_errno_addr$intlibspace              0x08000af1   Thumb Code     0  rt_errno_addr_intlibspace.o(.text)
    _ll_udiv10                               0x08000af9   Thumb Code   138  lludiv10.o(.text)
    _printf_char_common                      0x08000b8f   Thumb Code    32  _printf_char_common.o(.text)
    _printf_fp_infnan                        0x08000bb5   Thumb Code   112  _printf_fp_infnan.o(.text)
    _btod_etento                             0x08000c35   Thumb Code   224  bigflt0.o(.text)
    ferror                                   0x08000d19   Thumb Code     8  ferror.o(.text)
    __aeabi_memclr4                          0x08000d21   Thumb Code     0  rt_memclr_w.o(.text)
    __aeabi_memclr8                          0x08000d21   Thumb Code     0  rt_memclr_w.o(.text)
    __rt_memclr_w                            0x08000d21   Thumb Code    78  rt_memclr_w.o(.text)
    _memset_w                                0x08000d25   Thumb Code     0  rt_memclr_w.o(.text)
    __user_libspace                          0x08000d71   Thumb Code     8  libspace.o(.text)
    __user_perproc_libspace                  0x08000d71   Thumb Code     0  libspace.o(.text)
    __user_perthread_libspace                0x08000d71   Thumb Code     0  libspace.o(.text)
    __user_setup_stackheap                   0x08000d79   Thumb Code    74  sys_stackheap_outer.o(.text)
    exit                                     0x08000dc3   Thumb Code    18  exit.o(.text)
    strcmp                                   0x08000dd5   Thumb Code   128  strcmpv7m.o(.text)
    _btod_d2e                                0x08000e55   Thumb Code    62  btod.o(CL$$btod_d2e)
    _d2e_denorm_low                          0x08000e93   Thumb Code    70  btod.o(CL$$btod_d2e_denorm_low)
    _d2e_norm_op1                            0x08000ed9   Thumb Code    96  btod.o(CL$$btod_d2e_norm_op1)
    __btod_div_common                        0x08000f39   Thumb Code   696  btod.o(CL$$btod_div_common)
    _e2e                                     0x08001271   Thumb Code   220  btod.o(CL$$btod_e2e)
    _btod_ediv                               0x0800134d   Thumb Code    42  btod.o(CL$$btod_ediv)
    _btod_emul                               0x08001377   Thumb Code    42  btod.o(CL$$btod_emul)
    __btod_mult_common                       0x080013a1   Thumb Code   580  btod.o(CL$$btod_mult_common)
    BusFault_Handler                         0x080015e5   Thumb Code     4  stm32f10x_it.o(i.BusFault_Handler)
    DebugMon_Handler                         0x080015e9   Thumb Code     2  stm32f10x_it.o(i.DebugMon_Handler)
    GPIO_Init                                0x080015eb   Thumb Code   278  stm32f10x_gpio.o(i.GPIO_Init)
    GPIO_PinRemapConfig                      0x08001701   Thumb Code   138  stm32f10x_gpio.o(i.GPIO_PinRemapConfig)
    GPIO_SetBits                             0x08001791   Thumb Code     4  stm32f10x_gpio.o(i.GPIO_SetBits)
    HardFault_Handler                        0x08001795   Thumb Code     4  stm32f10x_it.o(i.HardFault_Handler)
    MPU_Get_Accelerometer                    0x08001799   Thumb Code    80  mpu6050.o(i.MPU_Get_Accelerometer)
    MPU_IIC_Ack                              0x080017e9   Thumb Code    62  mpuiic.o(i.MPU_IIC_Ack)
    MPU_IIC_Delay                            0x08001835   Thumb Code    10  mpuiic.o(i.MPU_IIC_Delay)
    MPU_IIC_Init                             0x08001841   Thumb Code    50  mpuiic.o(i.MPU_IIC_Init)
    MPU_IIC_NAck                             0x08001879   Thumb Code    62  mpuiic.o(i.MPU_IIC_NAck)
    MPU_IIC_Read_Byte                        0x080018c5   Thumb Code    94  mpuiic.o(i.MPU_IIC_Read_Byte)
    MPU_IIC_Send_Byte                        0x08001931   Thumb Code    80  mpuiic.o(i.MPU_IIC_Send_Byte)
    MPU_IIC_Start                            0x0800198d   Thumb Code    60  mpuiic.o(i.MPU_IIC_Start)
    MPU_IIC_Stop                             0x080019d5   Thumb Code    58  mpuiic.o(i.MPU_IIC_Stop)
    MPU_IIC_Wait_Ack                         0x08001a1d   Thumb Code    86  mpuiic.o(i.MPU_IIC_Wait_Ack)
    MPU_Init                                 0x08001a81   Thumb Code   122  mpu6050.o(i.MPU_Init)
    MPU_Read_Byte                            0x08001afb   Thumb Code    58  mpu6050.o(i.MPU_Read_Byte)
    MPU_Read_Len                             0x08001b35   Thumb Code   116  mpu6050.o(i.MPU_Read_Len)
    MPU_Set_Accel_Fsr                        0x08001ba9   Thumb Code    16  mpu6050.o(i.MPU_Set_Accel_Fsr)
    MPU_Set_Gyro_Fsr                         0x08001bb9   Thumb Code    16  mpu6050.o(i.MPU_Set_Gyro_Fsr)
    MPU_Set_LPF                              0x08001bc9   Thumb Code    58  mpu6050.o(i.MPU_Set_LPF)
    MPU_Set_Rate                             0x08001c03   Thumb Code    58  mpu6050.o(i.MPU_Set_Rate)
    MPU_Write_Byte                           0x08001c3d   Thumb Code    68  mpu6050.o(i.MPU_Write_Byte)
    MPU_Write_Len                            0x08001c81   Thumb Code    96  mpu6050.o(i.MPU_Write_Len)
    MemManage_Handler                        0x08001ce1   Thumb Code     4  stm32f10x_it.o(i.MemManage_Handler)
    NMI_Handler                              0x08001ce5   Thumb Code     2  stm32f10x_it.o(i.NMI_Handler)
    NVIC_Init                                0x08001ce9   Thumb Code   100  misc.o(i.NVIC_Init)
    NVIC_PriorityGroupConfig                 0x08001d59   Thumb Code    10  misc.o(i.NVIC_PriorityGroupConfig)
    PendSV_Handler                           0x08001d6d   Thumb Code     2  stm32f10x_it.o(i.PendSV_Handler)
    RCC_APB2PeriphClockCmd                   0x08001d71   Thumb Code    26  stm32f10x_rcc.o(i.RCC_APB2PeriphClockCmd)
    RCC_GetClocksFreq                        0x08001d91   Thumb Code   192  stm32f10x_rcc.o(i.RCC_GetClocksFreq)
    SVC_Handler                              0x08001e65   Thumb Code     2  stm32f10x_it.o(i.SVC_Handler)
    SysTick_CLKSourceConfig                  0x08001f51   Thumb Code    40  misc.o(i.SysTick_CLKSourceConfig)
    SysTick_Handler                          0x08001f79   Thumb Code     2  stm32f10x_it.o(i.SysTick_Handler)
    SystemInit                               0x08001f7d   Thumb Code    78  system_stm32f10x.o(i.SystemInit)
    USART1_IRQHandler                        0x08001fdd   Thumb Code   134  usart.o(i.USART1_IRQHandler)
    USART_Cmd                                0x08002071   Thumb Code    24  stm32f10x_usart.o(i.USART_Cmd)
    USART_GetITStatus                        0x08002089   Thumb Code    84  stm32f10x_usart.o(i.USART_GetITStatus)
    USART_ITConfig                           0x080020dd   Thumb Code    74  stm32f10x_usart.o(i.USART_ITConfig)
    USART_Init                               0x08002129   Thumb Code   210  stm32f10x_usart.o(i.USART_Init)
    USART_ReceiveData                        0x08002201   Thumb Code    10  stm32f10x_usart.o(i.USART_ReceiveData)
    UsageFault_Handler                       0x0800220b   Thumb Code     4  stm32f10x_it.o(i.UsageFault_Handler)
    __ARM_fpclassify                         0x0800220f   Thumb Code    40  fpclassify.o(i.__ARM_fpclassify)
    __kernel_poly                            0x08002237   Thumb Code   170  poly.o(i.__kernel_poly)
    __mathlib_dbl_infnan                     0x080022e1   Thumb Code     6  dunder.o(i.__mathlib_dbl_infnan)
    __mathlib_dbl_infnan2                    0x080022e7   Thumb Code     4  dunder.o(i.__mathlib_dbl_infnan2)
    __mathlib_dbl_invalid                    0x080022eb   Thumb Code    12  dunder.o(i.__mathlib_dbl_invalid)
    __mathlib_dbl_underflow                  0x080022f9   Thumb Code    10  dunder.o(i.__mathlib_dbl_underflow)
    _is_digit                                0x08002309   Thumb Code    14  __printf_wp.o(i._is_digit)
    _sys_exit                                0x08002317   Thumb Code     4  usart.o(i._sys_exit)
    asin                                     0x080023c5   Thumb Code   572  asin.o(i.asin)
    atan                                     0x08002635   Thumb Code   474  atan.o(i.atan)
    atan2                                    0x08002855   Thumb Code   346  atan2.o(i.atan2)
    cmp1                                     0x080029d5   Thumb Code    86  main.o(i.cmp1)
    delay_init                               0x08002a99   Thumb Code    50  delay.o(i.delay_init)
    delay_ms                                 0x08002add   Thumb Code    72  delay.o(i.delay_ms)
    delay_us                                 0x08002b29   Thumb Code    72  delay.o(i.delay_us)
    dmp_enable_6x_lp_quat                    0x08002b75   Thumb Code    60  inv_mpu_dmp_motion_driver.o(i.dmp_enable_6x_lp_quat)
    dmp_enable_feature                       0x08002bb1   Thumb Code   530  inv_mpu_dmp_motion_driver.o(i.dmp_enable_feature)
    dmp_enable_gyro_cal                      0x08002dcd   Thumb Code    62  inv_mpu_dmp_motion_driver.o(i.dmp_enable_gyro_cal)
    dmp_enable_lp_quat                       0x08002e25   Thumb Code    60  inv_mpu_dmp_motion_driver.o(i.dmp_enable_lp_quat)
    dmp_load_motion_driver_firmware          0x08002e61   Thumb Code    20  inv_mpu_dmp_motion_driver.o(i.dmp_load_motion_driver_firmware)
    dmp_read_fifo                            0x08002e79   Thumb Code   456  inv_mpu_dmp_motion_driver.o(i.dmp_read_fifo)
    dmp_set_accel_bias                       0x08003045   Thumb Code   300  inv_mpu_dmp_motion_driver.o(i.dmp_set_accel_bias)
    dmp_set_fifo_rate                        0x08003175   Thumb Code    96  inv_mpu_dmp_motion_driver.o(i.dmp_set_fifo_rate)
    dmp_set_gyro_bias                        0x080031e5   Thumb Code   294  inv_mpu_dmp_motion_driver.o(i.dmp_set_gyro_bias)
    dmp_set_orientation                      0x08003315   Thumb Code   290  inv_mpu_dmp_motion_driver.o(i.dmp_set_orientation)
    dmp_set_shake_reject_thresh              0x0800344d   Thumb Code    56  inv_mpu_dmp_motion_driver.o(i.dmp_set_shake_reject_thresh)
    dmp_set_shake_reject_time                0x08003485   Thumb Code    38  inv_mpu_dmp_motion_driver.o(i.dmp_set_shake_reject_time)
    dmp_set_shake_reject_timeout             0x080034ab   Thumb Code    38  inv_mpu_dmp_motion_driver.o(i.dmp_set_shake_reject_timeout)
    dmp_set_tap_axes                         0x080034d1   Thumb Code    70  inv_mpu_dmp_motion_driver.o(i.dmp_set_tap_axes)
    dmp_set_tap_count                        0x08003517   Thumb Code    38  inv_mpu_dmp_motion_driver.o(i.dmp_set_tap_count)
    dmp_set_tap_thresh                       0x0800353d   Thumb Code   396  inv_mpu_dmp_motion_driver.o(i.dmp_set_tap_thresh)
    dmp_set_tap_time                         0x080036dd   Thumb Code    38  inv_mpu_dmp_motion_driver.o(i.dmp_set_tap_time)
    dmp_set_tap_time_multi                   0x08003703   Thumb Code    38  inv_mpu_dmp_motion_driver.o(i.dmp_set_tap_time_multi)
    fputc                                    0x08003729   Thumb Code    24  usart.o(i.fputc)
    init                                     0x08003d79   Thumb Code  1132  main.o(i.init)
    inv_orientation_matrix_to_scalar         0x080041e5   Thumb Code    40  inv_mpu.o(i.inv_orientation_matrix_to_scalar)
    inv_row_2_scale                          0x0800420d   Thumb Code    78  inv_mpu.o(i.inv_row_2_scale)
    is_in_th                                 0x0800425b   Thumb Code    46  main.o(i.is_in_th)
    led_init                                 0x08004289   Thumb Code    52  led.o(i.led_init)
    main                                     0x080042c5   Thumb Code   682  main.o(i.main)
    match_square_side                        0x080045f1   Thumb Code   346  main.o(i.match_square_side)
    mget_ms                                  0x08004755   Thumb Code     2  inv_mpu.o(i.mget_ms)
    mode2                                    0x08004759   Thumb Code   296  main.o(i.mode2)
    mode3                                    0x080048a1   Thumb Code   464  main.o(i.mode3)
    mode4                                    0x08004ad1   Thumb Code   406  main.o(i.mode4)
    mode5_                                   0x08004c9d   Thumb Code   808  main.o(i.mode5_)
    mode5_2                                  0x0800503d   Thumb Code   510  main.o(i.mode5_2)
    mpu_configure_fifo                       0x080052a5   Thumb Code   106  inv_mpu.o(i.mpu_configure_fifo)
    mpu_dmp_get_data                         0x08005315   Thumb Code   776  inv_mpu.o(i.mpu_dmp_get_data)
    mpu_dmp_init                             0x08005629   Thumb Code   154  inv_mpu.o(i.mpu_dmp_init)
    mpu_get_accel_fsr                        0x080056c9   Thumb Code    72  inv_mpu.o(i.mpu_get_accel_fsr)
    mpu_get_accel_sens                       0x08005715   Thumb Code    78  inv_mpu.o(i.mpu_get_accel_sens)
    mpu_get_fifo_config                      0x08005769   Thumb Code    12  inv_mpu.o(i.mpu_get_fifo_config)
    mpu_get_gyro_fsr                         0x08005779   Thumb Code    64  inv_mpu.o(i.mpu_get_gyro_fsr)
    mpu_get_gyro_sens                        0x080057bd   Thumb Code    58  inv_mpu.o(i.mpu_get_gyro_sens)
    mpu_get_lpf                              0x0800580d   Thumb Code    74  inv_mpu.o(i.mpu_get_lpf)
    mpu_get_sample_rate                      0x0800585d   Thumb Code    26  inv_mpu.o(i.mpu_get_sample_rate)
    mpu_init                                 0x0800587d   Thumb Code   416  inv_mpu.o(i.mpu_init)
    mpu_load_firmware                        0x08005a6d   Thumb Code   180  inv_mpu.o(i.mpu_load_firmware)
    mpu_lp_accel_mode                        0x08005b25   Thumb Code   218  inv_mpu.o(i.mpu_lp_accel_mode)
    mpu_read_fifo_stream                     0x08005c05   Thumb Code   186  inv_mpu.o(i.mpu_read_fifo_stream)
    mpu_read_mem                             0x08005cc5   Thumb Code   122  inv_mpu.o(i.mpu_read_mem)
    mpu_reset_fifo                           0x08005d45   Thumb Code   450  inv_mpu.o(i.mpu_reset_fifo)
    mpu_run_self_test                        0x08005f0d   Thumb Code   278  inv_mpu.o(i.mpu_run_self_test)
    mpu_set_accel_fsr                        0x08006029   Thumb Code   126  inv_mpu.o(i.mpu_set_accel_fsr)
    mpu_set_bypass                           0x080060ad   Thumb Code   328  inv_mpu.o(i.mpu_set_bypass)
    mpu_set_dmp_state                        0x080061f9   Thumb Code   138  inv_mpu.o(i.mpu_set_dmp_state)
    mpu_set_gyro_fsr                         0x08006289   Thumb Code   132  inv_mpu.o(i.mpu_set_gyro_fsr)
    mpu_set_int_latched                      0x08006311   Thumb Code   102  inv_mpu.o(i.mpu_set_int_latched)
    mpu_set_lpf                              0x0800637d   Thumb Code   126  inv_mpu.o(i.mpu_set_lpf)
    mpu_set_sample_rate                      0x08006401   Thumb Code   152  inv_mpu.o(i.mpu_set_sample_rate)
    mpu_set_sensors                          0x0800649d   Thumb Code   202  inv_mpu.o(i.mpu_set_sensors)
    mpu_write_mem                            0x0800656d   Thumb Code   122  inv_mpu.o(i.mpu_write_mem)
    my_abs                                   0x080065ed   Thumb Code    24  main.o(i.my_abs)
    myfabs                                   0x08006605   Thumb Code    28  inv_mpu.o(i.myfabs)
    recive_handle                            0x08006625   Thumb Code   242  usart.o(i.recive_handle)
    run_self_test                            0x080067a1   Thumb Code   148  inv_mpu.o(i.run_self_test)
    sqrt                                     0x080068c5   Thumb Code    76  sqrt.o(i.sqrt)
    test_state                               0x08006911   Thumb Code   168  main.o(i.test_state)
    uart_init                                0x080069bd   Thumb Code   152  usart.o(i.uart_init)
    _get_lc_numeric                          0x08006a5d   Thumb Code    44  lc_numeric_c.o(locale$$code)
    __aeabi_d2f                              0x08006a89   Thumb Code     0  d2f.o(x$fpl$d2f)
    _d2f                                     0x08006a89   Thumb Code    98  d2f.o(x$fpl$d2f)
    __aeabi_dadd                             0x08006aed   Thumb Code     0  daddsub_clz.o(x$fpl$dadd)
    _dadd                                    0x08006aed   Thumb Code   332  daddsub_clz.o(x$fpl$dadd)
    __fpl_dcheck_NaN1                        0x08006c3d   Thumb Code    10  dcheck1.o(x$fpl$dcheck1)
    __fpl_dcmp_Inf                           0x08006c4d   Thumb Code    24  dcmpi.o(x$fpl$dcmpinf)
    __aeabi_ddiv                             0x08006c65   Thumb Code     0  ddiv.o(x$fpl$ddiv)
    _ddiv                                    0x08006c65   Thumb Code   552  ddiv.o(x$fpl$ddiv)
    __aeabi_cdcmple                          0x08006f15   Thumb Code     0  dleqf.o(x$fpl$dleqf)
    _dcmple                                  0x08006f15   Thumb Code   120  dleqf.o(x$fpl$dleqf)
    __fpl_dcmple_InfNaN                      0x08006f77   Thumb Code     0  dleqf.o(x$fpl$dleqf)
    __aeabi_dmul                             0x08006f8d   Thumb Code     0  dmul.o(x$fpl$dmul)
    _dmul                                    0x08006f8d   Thumb Code   332  dmul.o(x$fpl$dmul)
    __fpl_dnaninf                            0x080070e1   Thumb Code   156  dnaninf.o(x$fpl$dnaninf)
    __fpl_dretinf                            0x0800717d   Thumb Code    12  dretinf.o(x$fpl$dretinf)
    __aeabi_cdrcmple                         0x08007189   Thumb Code     0  drleqf.o(x$fpl$drleqf)
    _drcmple                                 0x08007189   Thumb Code   108  drleqf.o(x$fpl$drleqf)
    __aeabi_drsub                            0x080071f5   Thumb Code     0  daddsub_clz.o(x$fpl$drsb)
    _drsb                                    0x080071f5   Thumb Code    22  daddsub_clz.o(x$fpl$drsb)
    _dsqrt                                   0x0800720d   Thumb Code   456  dsqrt_noumaal.o(x$fpl$dsqrt)
    __aeabi_dsub                             0x080073d9   Thumb Code     0  daddsub_clz.o(x$fpl$dsub)
    _dsub                                    0x080073d9   Thumb Code   464  daddsub_clz.o(x$fpl$dsub)
    __aeabi_f2d                              0x080075ad   Thumb Code     0  f2d.o(x$fpl$f2d)
    _f2d                                     0x080075ad   Thumb Code    86  f2d.o(x$fpl$f2d)
    __aeabi_fadd                             0x08007605   Thumb Code     0  faddsub_clz.o(x$fpl$fadd)
    _fadd                                    0x08007605   Thumb Code   196  faddsub_clz.o(x$fpl$fadd)
    __fpl_fcmp_Inf                           0x080076c9   Thumb Code    24  fcmpi.o(x$fpl$fcmpinf)
    __aeabi_fdiv                             0x080076e1   Thumb Code     0  fdiv.o(x$fpl$fdiv)
    _fdiv                                    0x080076e1   Thumb Code   384  fdiv.o(x$fpl$fdiv)
    __aeabi_cfcmpeq                          0x08007865   Thumb Code     0  feqf.o(x$fpl$feqf)
    _fcmpeq                                  0x08007865   Thumb Code   104  feqf.o(x$fpl$feqf)
    __aeabi_f2iz                             0x080078cd   Thumb Code     0  ffix.o(x$fpl$ffix)
    _ffix                                    0x080078cd   Thumb Code    54  ffix.o(x$fpl$ffix)
    __aeabi_f2uiz                            0x08007905   Thumb Code     0  ffixu.o(x$fpl$ffixu)
    _ffixu                                   0x08007905   Thumb Code    62  ffixu.o(x$fpl$ffixu)
    __aeabi_i2f                              0x08007945   Thumb Code     0  fflt_clz.o(x$fpl$fflt)
    _fflt                                    0x08007945   Thumb Code    48  fflt_clz.o(x$fpl$fflt)
    __aeabi_ui2f                             0x08007975   Thumb Code     0  fflt_clz.o(x$fpl$ffltu)
    _ffltu                                   0x08007975   Thumb Code    38  fflt_clz.o(x$fpl$ffltu)
    __aeabi_cfcmple                          0x0800799d   Thumb Code     0  fleqf.o(x$fpl$fleqf)
    _fcmple                                  0x0800799d   Thumb Code   104  fleqf.o(x$fpl$fleqf)
    __fpl_fcmple_InfNaN                      0x080079ef   Thumb Code     0  fleqf.o(x$fpl$fleqf)
    __aeabi_fmul                             0x08007a05   Thumb Code     0  fmul.o(x$fpl$fmul)
    _fmul                                    0x08007a05   Thumb Code   258  fmul.o(x$fpl$fmul)
    __fpl_fnaninf                            0x08007b07   Thumb Code   140  fnaninf.o(x$fpl$fnaninf)
    __fpl_fretinf                            0x08007b93   Thumb Code    10  fretinf.o(x$fpl$fretinf)
    __aeabi_cfrcmple                         0x08007b9d   Thumb Code     0  frleqf.o(x$fpl$frleqf)
    _frcmple                                 0x08007b9d   Thumb Code    98  frleqf.o(x$fpl$frleqf)
    __aeabi_frsub                            0x08007bff   Thumb Code     0  faddsub_clz.o(x$fpl$frsb)
    _frsb                                    0x08007bff   Thumb Code    20  faddsub_clz.o(x$fpl$frsb)
    __aeabi_fsub                             0x08007c15   Thumb Code     0  faddsub_clz.o(x$fpl$fsub)
    _fsub                                    0x08007c15   Thumb Code   234  faddsub_clz.o(x$fpl$fsub)
    _printf_fp_dec                           0x08007cff   Thumb Code     4  printf1.o(x$fpl$printf1)
    __fpl_return_NaN                         0x08007d03   Thumb Code   100  retnan.o(x$fpl$retnan)
    __ARM_scalbn                             0x08007d67   Thumb Code    92  scalbn.o(x$fpl$scalbn)
    __fpl_cmpreturn                          0x08007dc3   Thumb Code    48  trapv.o(x$fpl$trapveneer)
    __I$use$fp                               0x08007df2   Number         0  usenofp.o(x$fpl$usenofp)
    Str                                      0x08007df4   Data           6  main.o(.constdata)
    reg                                      0x08007e1c   Data          27  inv_mpu.o(.constdata)
    hw                                       0x08007e38   Data          12  inv_mpu.o(.constdata)
    test                                     0x08007e44   Data          40  inv_mpu.o(.constdata)
    __mathlib_zero                           0x08008b60   Data           8  qnan.o(.constdata)
    Region$$Table$$Base                      0x08008c4c   Number         0  anon$$obj.o(Region$$Table)
    Region$$Table$$Limit                     0x08008c6c   Number         0  anon$$obj.o(Region$$Table)
    power                                    0x20000000   Data           4  main.o(.data)
    mode                                     0x20000004   Data           4  main.o(.data)
    square_side                              0x20000008   Data         112  main.o(.data)
    hh                                       0x20000078   Data           4  main.o(.data)
    arry_cnt                                 0x2000007c   Data           4  main.o(.data)
    powtim                                   0x20000080   Data           4  main.o(.data)
    begin_flag                               0x20000084   Data           1  main.o(.data)
    lastpitch                                0x20000088   Data           4  main.o(.data)
    lastroll                                 0x2000008c   Data           4  main.o(.data)
    pitch1                                   0x20000090   Data           4  main.o(.data)
    roll1                                    0x20000094   Data           4  main.o(.data)
    yaw1                                     0x20000098   Data           4  main.o(.data)
    xstep                                    0x2000009c   Data           4  main.o(.data)
    ystep                                    0x200000a0   Data           4  main.o(.data)
    mode5selt                                0x200000a4   Data           4  main.o(.data)
    x0                                       0x200000a8   Data           2  main.o(.data)
    y0                                       0x200000aa   Data           2  main.o(.data)
    end_point                                0x200000ac   Data           4  main.o(.data)
    end_x                                    0x200000b0   Data           4  main.o(.data)
    end_y                                    0x200000b4   Data           4  main.o(.data)
    SystemCoreClock                          0x200000e8   Data           4  system_stm32f10x.o(.data)
    AHBPrescTable                            0x200000ec   Data          16  system_stm32f10x.o(.data)
    __stdout                                 0x20000100   Data           4  usart.o(.data)
    USART_RX_STA                             0x20000104   Data           2  usart.o(.data)
    angle                                    0x20000154   Data        3200  main.o(.bss)
    anglerr                                  0x20000dd4   Data        3200  main.o(.bss)
    acc                                      0x20001a54   Data        3200  main.o(.bss)
    des                                      0x200026d4   Data         768  main.o(.bss)
    bord_pos                                 0x200029d4   Data          64  main.o(.bss)
    USART_RX_BUF                             0x20002a14   Data         200  usart.o(.bss)
    __libspace_start                         0x20002aec   Data          96  libspace.o(.bss)
    __temporary_stack_top$libspace           0x20002b4c   Data           0  libspace.o(.bss)



==============================================================================

Memory Map of the image

  Image Entry point : 0x080001e9

  Load Region LR_1 (Base: 0x08000000, Size: 0x00008ddc, Max: 0xffffffff, ABSOLUTE, COMPRESSED[0x00008cd8])

    Execution Region ER_RO (Exec base: 0x08000000, Load base: 0x08000000, Size: 0x00008c88, Max: 0xffffffff, ABSOLUTE)

    Exec Addr    Load Addr    Size         Type   Attr      Idx    E Section Name        Object

    0x08000000   0x08000000   0x000000ec   Data   RO          442    RESET               startup_stm32f10x_md.o
    0x080000ec   0x080000ec   0x00000008   Code   RO         4184  * !!!main             c_w.l(__main.o)
    0x080000f4   0x080000f4   0x00000034   Code   RO         4558    !!!scatter          c_w.l(__scatter.o)
    0x08000128   0x08000128   0x0000005a   Code   RO         4556    !!dczerorl2         c_w.l(__dczerorl2.o)
    0x08000182   0x08000182   0x00000002   PAD
    0x08000184   0x08000184   0x0000001c   Code   RO         4560    !!handler_zi        c_w.l(__scatter_zi.o)
    0x080001a0   0x080001a0   0x00000000   Code   RO         4177    .ARM.Collect$$_printf_percent$$00000000  c_w.l(_printf_percent.o)
    0x080001a0   0x080001a0   0x00000006   Code   RO         4176    .ARM.Collect$$_printf_percent$$00000003  c_w.l(_printf_f.o)
    0x080001a6   0x080001a6   0x00000006   Code   RO         4175    .ARM.Collect$$_printf_percent$$00000009  c_w.l(_printf_d.o)
    0x080001ac   0x080001ac   0x00000004   Code   RO         4277    .ARM.Collect$$_printf_percent$$00000017  c_w.l(_printf_percent_end.o)
    0x080001b0   0x080001b0   0x00000002   Code   RO         4425    .ARM.Collect$$libinit$$00000000  c_w.l(libinit.o)
    0x080001b2   0x080001b2   0x00000000   Code   RO         4427    .ARM.Collect$$libinit$$00000002  c_w.l(libinit2.o)
    0x080001b2   0x080001b2   0x00000000   Code   RO         4429    .ARM.Collect$$libinit$$00000004  c_w.l(libinit2.o)
    0x080001b2   0x080001b2   0x00000000   Code   RO         4432    .ARM.Collect$$libinit$$0000000A  c_w.l(libinit2.o)
    0x080001b2   0x080001b2   0x00000000   Code   RO         4434    .ARM.Collect$$libinit$$0000000C  c_w.l(libinit2.o)
    0x080001b2   0x080001b2   0x00000000   Code   RO         4436    .ARM.Collect$$libinit$$0000000E  c_w.l(libinit2.o)
    0x080001b2   0x080001b2   0x00000006   Code   RO         4437    .ARM.Collect$$libinit$$0000000F  c_w.l(libinit2.o)
    0x080001b8   0x080001b8   0x00000000   Code   RO         4439    .ARM.Collect$$libinit$$00000011  c_w.l(libinit2.o)
    0x080001b8   0x080001b8   0x00000000   Code   RO         4441    .ARM.Collect$$libinit$$00000013  c_w.l(libinit2.o)
    0x080001b8   0x080001b8   0x00000000   Code   RO         4443    .ARM.Collect$$libinit$$00000015  c_w.l(libinit2.o)
    0x080001b8   0x080001b8   0x0000000a   Code   RO         4444    .ARM.Collect$$libinit$$00000016  c_w.l(libinit2.o)
    0x080001c2   0x080001c2   0x00000000   Code   RO         4445    .ARM.Collect$$libinit$$00000017  c_w.l(libinit2.o)
    0x080001c2   0x080001c2   0x00000000   Code   RO         4447    .ARM.Collect$$libinit$$00000019  c_w.l(libinit2.o)
    0x080001c2   0x080001c2   0x00000000   Code   RO         4449    .ARM.Collect$$libinit$$0000001B  c_w.l(libinit2.o)
    0x080001c2   0x080001c2   0x00000000   Code   RO         4451    .ARM.Collect$$libinit$$0000001D  c_w.l(libinit2.o)
    0x080001c2   0x080001c2   0x00000000   Code   RO         4453    .ARM.Collect$$libinit$$0000001F  c_w.l(libinit2.o)
    0x080001c2   0x080001c2   0x00000000   Code   RO         4455    .ARM.Collect$$libinit$$00000021  c_w.l(libinit2.o)
    0x080001c2   0x080001c2   0x00000000   Code   RO         4457    .ARM.Collect$$libinit$$00000023  c_w.l(libinit2.o)
    0x080001c2   0x080001c2   0x00000000   Code   RO         4459    .ARM.Collect$$libinit$$00000025  c_w.l(libinit2.o)
    0x080001c2   0x080001c2   0x00000000   Code   RO         4463    .ARM.Collect$$libinit$$0000002C  c_w.l(libinit2.o)
    0x080001c2   0x080001c2   0x00000000   Code   RO         4465    .ARM.Collect$$libinit$$0000002E  c_w.l(libinit2.o)
    0x080001c2   0x080001c2   0x00000000   Code   RO         4467    .ARM.Collect$$libinit$$00000030  c_w.l(libinit2.o)
    0x080001c2   0x080001c2   0x00000000   Code   RO         4469    .ARM.Collect$$libinit$$00000032  c_w.l(libinit2.o)
    0x080001c2   0x080001c2   0x00000002   Code   RO         4470    .ARM.Collect$$libinit$$00000033  c_w.l(libinit2.o)
    0x080001c4   0x080001c4   0x00000002   Code   RO         4516    .ARM.Collect$$libshutdown$$00000000  c_w.l(libshutdown.o)
    0x080001c6   0x080001c6   0x00000000   Code   RO         4525    .ARM.Collect$$libshutdown$$00000002  c_w.l(libshutdown2.o)
    0x080001c6   0x080001c6   0x00000000   Code   RO         4527    .ARM.Collect$$libshutdown$$00000004  c_w.l(libshutdown2.o)
    0x080001c6   0x080001c6   0x00000000   Code   RO         4530    .ARM.Collect$$libshutdown$$00000007  c_w.l(libshutdown2.o)
    0x080001c6   0x080001c6   0x00000000   Code   RO         4533    .ARM.Collect$$libshutdown$$0000000A  c_w.l(libshutdown2.o)
    0x080001c6   0x080001c6   0x00000000   Code   RO         4535    .ARM.Collect$$libshutdown$$0000000C  c_w.l(libshutdown2.o)
    0x080001c6   0x080001c6   0x00000000   Code   RO         4538    .ARM.Collect$$libshutdown$$0000000F  c_w.l(libshutdown2.o)
    0x080001c6   0x080001c6   0x00000002   Code   RO         4539    .ARM.Collect$$libshutdown$$00000010  c_w.l(libshutdown2.o)
    0x080001c8   0x080001c8   0x00000000   Code   RO         4266    .ARM.Collect$$rtentry$$00000000  c_w.l(__rtentry.o)
    0x080001c8   0x080001c8   0x00000000   Code   RO         4333    .ARM.Collect$$rtentry$$00000002  c_w.l(__rtentry2.o)
    0x080001c8   0x080001c8   0x00000006   Code   RO         4345    .ARM.Collect$$rtentry$$00000004  c_w.l(__rtentry4.o)
    0x080001ce   0x080001ce   0x00000000   Code   RO         4335    .ARM.Collect$$rtentry$$00000009  c_w.l(__rtentry2.o)
    0x080001ce   0x080001ce   0x00000004   Code   RO         4336    .ARM.Collect$$rtentry$$0000000A  c_w.l(__rtentry2.o)
    0x080001d2   0x080001d2   0x00000000   Code   RO         4338    .ARM.Collect$$rtentry$$0000000C  c_w.l(__rtentry2.o)
    0x080001d2   0x080001d2   0x00000008   Code   RO         4339    .ARM.Collect$$rtentry$$0000000D  c_w.l(__rtentry2.o)
    0x080001da   0x080001da   0x00000002   Code   RO         4473    .ARM.Collect$$rtexit$$00000000  c_w.l(rtexit.o)
    0x080001dc   0x080001dc   0x00000000   Code   RO         4486    .ARM.Collect$$rtexit$$00000002  c_w.l(rtexit2.o)
    0x080001dc   0x080001dc   0x00000004   Code   RO         4487    .ARM.Collect$$rtexit$$00000003  c_w.l(rtexit2.o)
    0x080001e0   0x080001e0   0x00000006   Code   RO         4488    .ARM.Collect$$rtexit$$00000004  c_w.l(rtexit2.o)
    0x080001e6   0x080001e6   0x00000002   PAD
    0x080001e8   0x080001e8   0x00000040   Code   RO          443  * .text               startup_stm32f10x_md.o
    0x08000228   0x08000228   0x00000002   Code   RO         4119    .text               c_w.l(use_no_semi_2.o)
    0x0800022a   0x0800022a   0x00000048   Code   RO         4121    .text               c_w.l(llsdiv.o)
    0x08000272   0x08000272   0x00000002   PAD
    0x08000274   0x08000274   0x00000018   Code   RO         4125    .text               c_w.l(noretval__2printf.o)
    0x0800028c   0x0800028c   0x00000078   Code   RO         4131    .text               c_w.l(_printf_dec.o)
    0x08000304   0x08000304   0x00000138   Code   RO         4166    .text               c_w.l(__printf_flags_wp.o)
    0x0800043c   0x0800043c   0x00000058   Code   RO         4178    .text               c_w.l(memcmp.o)
    0x08000494   0x08000494   0x00000010   Code   RO         4180    .text               c_w.l(aeabi_memset.o)
    0x080004a4   0x080004a4   0x00000006   Code   RO         4182    .text               c_w.l(heapauxi.o)
    0x080004aa   0x080004aa   0x00000002   Code   RO         4264    .text               c_w.l(use_no_semi.o)
    0x080004ac   0x080004ac   0x000000ee   Code   RO         4267    .text               c_w.l(lludivv7m.o)
    0x0800059a   0x0800059a   0x00000016   Code   RO         4269    .text               c_w.l(_rserrno.o)
    0x080005b0   0x080005b0   0x000000b2   Code   RO         4271    .text               c_w.l(_printf_intcommon.o)
    0x08000662   0x08000662   0x0000041e   Code   RO         4273    .text               c_w.l(_printf_fp_dec.o)
    0x08000a80   0x08000a80   0x00000024   Code   RO         4275    .text               c_w.l(_printf_char_file.o)
    0x08000aa4   0x08000aa4   0x00000044   Code   RO         4278    .text               c_w.l(rt_memclr.o)
    0x08000ae8   0x08000ae8   0x00000008   Code   RO         4354    .text               c_w.l(rt_locale_intlibspace.o)
    0x08000af0   0x08000af0   0x00000008   Code   RO         4359    .text               c_w.l(rt_errno_addr_intlibspace.o)
    0x08000af8   0x08000af8   0x0000008a   Code   RO         4361    .text               c_w.l(lludiv10.o)
    0x08000b82   0x08000b82   0x00000002   PAD
    0x08000b84   0x08000b84   0x00000030   Code   RO         4363    .text               c_w.l(_printf_char_common.o)
    0x08000bb4   0x08000bb4   0x00000080   Code   RO         4365    .text               c_w.l(_printf_fp_infnan.o)
    0x08000c34   0x08000c34   0x000000e4   Code   RO         4367    .text               c_w.l(bigflt0.o)
    0x08000d18   0x08000d18   0x00000008   Code   RO         4392    .text               c_w.l(ferror.o)
    0x08000d20   0x08000d20   0x0000004e   Code   RO         4399    .text               c_w.l(rt_memclr_w.o)
    0x08000d6e   0x08000d6e   0x00000002   PAD
    0x08000d70   0x08000d70   0x00000008   Code   RO         4407    .text               c_w.l(libspace.o)
    0x08000d78   0x08000d78   0x0000004a   Code   RO         4410    .text               c_w.l(sys_stackheap_outer.o)
    0x08000dc2   0x08000dc2   0x00000012   Code   RO         4416    .text               c_w.l(exit.o)
    0x08000dd4   0x08000dd4   0x00000080   Code   RO         4418    .text               c_w.l(strcmpv7m.o)
    0x08000e54   0x08000e54   0x0000003e   Code   RO         4370    CL$$btod_d2e        c_w.l(btod.o)
    0x08000e92   0x08000e92   0x00000046   Code   RO         4372    CL$$btod_d2e_denorm_low  c_w.l(btod.o)
    0x08000ed8   0x08000ed8   0x00000060   Code   RO         4371    CL$$btod_d2e_norm_op1  c_w.l(btod.o)
    0x08000f38   0x08000f38   0x00000338   Code   RO         4380    CL$$btod_div_common  c_w.l(btod.o)
    0x08001270   0x08001270   0x000000dc   Code   RO         4377    CL$$btod_e2e        c_w.l(btod.o)
    0x0800134c   0x0800134c   0x0000002a   Code   RO         4374    CL$$btod_ediv       c_w.l(btod.o)
    0x08001376   0x08001376   0x0000002a   Code   RO         4373    CL$$btod_emul       c_w.l(btod.o)
    0x080013a0   0x080013a0   0x00000244   Code   RO         4379    CL$$btod_mult_common  c_w.l(btod.o)
    0x080015e4   0x080015e4   0x00000004   Code   RO          204    i.BusFault_Handler  stm32f10x_it.o
    0x080015e8   0x080015e8   0x00000002   Code   RO          205    i.DebugMon_Handler  stm32f10x_it.o
    0x080015ea   0x080015ea   0x00000116   Code   RO         1598    i.GPIO_Init         stm32f10x_gpio.o
    0x08001700   0x08001700   0x00000090   Code   RO         1600    i.GPIO_PinRemapConfig  stm32f10x_gpio.o
    0x08001790   0x08001790   0x00000004   Code   RO         1606    i.GPIO_SetBits      stm32f10x_gpio.o
    0x08001794   0x08001794   0x00000004   Code   RO          206    i.HardFault_Handler  stm32f10x_it.o
    0x08001798   0x08001798   0x00000050   Code   RO         3967    i.MPU_Get_Accelerometer  mpu6050.o
    0x080017e8   0x080017e8   0x0000004c   Code   RO         4045    i.MPU_IIC_Ack       mpuiic.o
    0x08001834   0x08001834   0x0000000a   Code   RO         4046    i.MPU_IIC_Delay     mpuiic.o
    0x0800183e   0x0800183e   0x00000002   PAD
    0x08001840   0x08001840   0x00000038   Code   RO         4047    i.MPU_IIC_Init      mpuiic.o
    0x08001878   0x08001878   0x0000004c   Code   RO         4048    i.MPU_IIC_NAck      mpuiic.o
    0x080018c4   0x080018c4   0x0000006c   Code   RO         4049    i.MPU_IIC_Read_Byte  mpuiic.o
    0x08001930   0x08001930   0x0000005c   Code   RO         4050    i.MPU_IIC_Send_Byte  mpuiic.o
    0x0800198c   0x0800198c   0x00000048   Code   RO         4051    i.MPU_IIC_Start     mpuiic.o
    0x080019d4   0x080019d4   0x00000048   Code   RO         4052    i.MPU_IIC_Stop      mpuiic.o
    0x08001a1c   0x08001a1c   0x00000064   Code   RO         4053    i.MPU_IIC_Wait_Ack  mpuiic.o
    0x08001a80   0x08001a80   0x0000007a   Code   RO         3970    i.MPU_Init          mpu6050.o
    0x08001afa   0x08001afa   0x0000003a   Code   RO         3971    i.MPU_Read_Byte     mpu6050.o
    0x08001b34   0x08001b34   0x00000074   Code   RO         3972    i.MPU_Read_Len      mpu6050.o
    0x08001ba8   0x08001ba8   0x00000010   Code   RO         3973    i.MPU_Set_Accel_Fsr  mpu6050.o
    0x08001bb8   0x08001bb8   0x00000010   Code   RO         3974    i.MPU_Set_Gyro_Fsr  mpu6050.o
    0x08001bc8   0x08001bc8   0x0000003a   Code   RO         3975    i.MPU_Set_LPF       mpu6050.o
    0x08001c02   0x08001c02   0x0000003a   Code   RO         3976    i.MPU_Set_Rate      mpu6050.o
    0x08001c3c   0x08001c3c   0x00000044   Code   RO         3977    i.MPU_Write_Byte    mpu6050.o
    0x08001c80   0x08001c80   0x00000060   Code   RO         3978    i.MPU_Write_Len     mpu6050.o
    0x08001ce0   0x08001ce0   0x00000004   Code   RO          207    i.MemManage_Handler  stm32f10x_it.o
    0x08001ce4   0x08001ce4   0x00000002   Code   RO          208    i.NMI_Handler       stm32f10x_it.o
    0x08001ce6   0x08001ce6   0x00000002   PAD
    0x08001ce8   0x08001ce8   0x00000070   Code   RO          447    i.NVIC_Init         misc.o
    0x08001d58   0x08001d58   0x00000014   Code   RO          448    i.NVIC_PriorityGroupConfig  misc.o
    0x08001d6c   0x08001d6c   0x00000002   Code   RO          209    i.PendSV_Handler    stm32f10x_it.o
    0x08001d6e   0x08001d6e   0x00000002   PAD
    0x08001d70   0x08001d70   0x00000020   Code   RO         2016    i.RCC_APB2PeriphClockCmd  stm32f10x_rcc.o
    0x08001d90   0x08001d90   0x000000d4   Code   RO         2024    i.RCC_GetClocksFreq  stm32f10x_rcc.o
    0x08001e64   0x08001e64   0x00000002   Code   RO          210    i.SVC_Handler       stm32f10x_it.o
    0x08001e66   0x08001e66   0x00000008   Code   RO          267    i.SetSysClock       system_stm32f10x.o
    0x08001e6e   0x08001e6e   0x00000002   PAD
    0x08001e70   0x08001e70   0x000000e0   Code   RO          268    i.SetSysClockTo72   system_stm32f10x.o
    0x08001f50   0x08001f50   0x00000028   Code   RO          451    i.SysTick_CLKSourceConfig  misc.o
    0x08001f78   0x08001f78   0x00000002   Code   RO          211    i.SysTick_Handler   stm32f10x_it.o
    0x08001f7a   0x08001f7a   0x00000002   PAD
    0x08001f7c   0x08001f7c   0x00000060   Code   RO          270    i.SystemInit        system_stm32f10x.o
    0x08001fdc   0x08001fdc   0x00000094   Code   RO          382    i.USART1_IRQHandler  usart.o
    0x08002070   0x08002070   0x00000018   Code   RO         3184    i.USART_Cmd         stm32f10x_usart.o
    0x08002088   0x08002088   0x00000054   Code   RO         3188    i.USART_GetITStatus  stm32f10x_usart.o
    0x080020dc   0x080020dc   0x0000004a   Code   RO         3190    i.USART_ITConfig    stm32f10x_usart.o
    0x08002126   0x08002126   0x00000002   PAD
    0x08002128   0x08002128   0x000000d8   Code   RO         3191    i.USART_Init        stm32f10x_usart.o
    0x08002200   0x08002200   0x0000000a   Code   RO         3198    i.USART_ReceiveData  stm32f10x_usart.o
    0x0800220a   0x0800220a   0x00000004   Code   RO          212    i.UsageFault_Handler  stm32f10x_it.o
    0x0800220e   0x0800220e   0x00000028   Code   RO         4319    i.__ARM_fpclassify  m_ws.l(fpclassify.o)
    0x08002236   0x08002236   0x000000aa   Code   RO         4321    i.__kernel_poly     m_ws.l(poly.o)
    0x080022e0   0x080022e0   0x00000006   Code   RO         4306    i.__mathlib_dbl_infnan  m_ws.l(dunder.o)
    0x080022e6   0x080022e6   0x00000004   Code   RO         4307    i.__mathlib_dbl_infnan2  m_ws.l(dunder.o)
    0x080022ea   0x080022ea   0x0000000c   Code   RO         4308    i.__mathlib_dbl_invalid  m_ws.l(dunder.o)
    0x080022f6   0x080022f6   0x00000002   PAD
    0x080022f8   0x080022f8   0x00000010   Code   RO         4311    i.__mathlib_dbl_underflow  m_ws.l(dunder.o)
    0x08002308   0x08002308   0x0000000e   Code   RO         4164    i._is_digit         c_w.l(__printf_wp.o)
    0x08002316   0x08002316   0x00000004   Code   RO          383    i._sys_exit         usart.o
    0x0800231a   0x0800231a   0x00000002   PAD
    0x0800231c   0x0800231c   0x000000a8   Code   RO         3436    i.accel_self_test   inv_mpu.o
    0x080023c4   0x080023c4   0x00000270   Code   RO         4247    i.asin              m_ws.l(asin.o)
    0x08002634   0x08002634   0x00000220   Code   RO         4296    i.atan              m_ws.l(atan.o)
    0x08002854   0x08002854   0x00000180   Code   RO         4257    i.atan2             m_ws.l(atan2.o)
    0x080029d4   0x080029d4   0x00000060   Code   RO            1    i.cmp1              main.o
    0x08002a34   0x08002a34   0x00000064   Code   RO         3781    i.decode_gesture    inv_mpu_dmp_motion_driver.o
    0x08002a98   0x08002a98   0x00000044   Code   RO          301    i.delay_init        delay.o
    0x08002adc   0x08002adc   0x0000004c   Code   RO          302    i.delay_ms          delay.o
    0x08002b28   0x08002b28   0x0000004c   Code   RO          303    i.delay_us          delay.o
    0x08002b74   0x08002b74   0x0000003c   Code   RO         3782    i.dmp_enable_6x_lp_quat  inv_mpu_dmp_motion_driver.o
    0x08002bb0   0x08002bb0   0x0000021c   Code   RO         3783    i.dmp_enable_feature  inv_mpu_dmp_motion_driver.o
    0x08002dcc   0x08002dcc   0x00000058   Code   RO         3784    i.dmp_enable_gyro_cal  inv_mpu_dmp_motion_driver.o
    0x08002e24   0x08002e24   0x0000003c   Code   RO         3785    i.dmp_enable_lp_quat  inv_mpu_dmp_motion_driver.o
    0x08002e60   0x08002e60   0x00000018   Code   RO         3790    i.dmp_load_motion_driver_firmware  inv_mpu_dmp_motion_driver.o
    0x08002e78   0x08002e78   0x000001cc   Code   RO         3791    i.dmp_read_fifo     inv_mpu_dmp_motion_driver.o
    0x08003044   0x08003044   0x00000130   Code   RO         3794    i.dmp_set_accel_bias  inv_mpu_dmp_motion_driver.o
    0x08003174   0x08003174   0x00000070   Code   RO         3795    i.dmp_set_fifo_rate  inv_mpu_dmp_motion_driver.o
    0x080031e4   0x080031e4   0x00000130   Code   RO         3796    i.dmp_set_gyro_bias  inv_mpu_dmp_motion_driver.o
    0x08003314   0x08003314   0x00000138   Code   RO         3798    i.dmp_set_orientation  inv_mpu_dmp_motion_driver.o
    0x0800344c   0x0800344c   0x00000038   Code   RO         3801    i.dmp_set_shake_reject_thresh  inv_mpu_dmp_motion_driver.o
    0x08003484   0x08003484   0x00000026   Code   RO         3802    i.dmp_set_shake_reject_time  inv_mpu_dmp_motion_driver.o
    0x080034aa   0x080034aa   0x00000026   Code   RO         3803    i.dmp_set_shake_reject_timeout  inv_mpu_dmp_motion_driver.o
    0x080034d0   0x080034d0   0x00000046   Code   RO         3804    i.dmp_set_tap_axes  inv_mpu_dmp_motion_driver.o
    0x08003516   0x08003516   0x00000026   Code   RO         3805    i.dmp_set_tap_count  inv_mpu_dmp_motion_driver.o
    0x0800353c   0x0800353c   0x000001a0   Code   RO         3806    i.dmp_set_tap_thresh  inv_mpu_dmp_motion_driver.o
    0x080036dc   0x080036dc   0x00000026   Code   RO         3807    i.dmp_set_tap_time  inv_mpu_dmp_motion_driver.o
    0x08003702   0x08003702   0x00000026   Code   RO         3808    i.dmp_set_tap_time_multi  inv_mpu_dmp_motion_driver.o
    0x08003728   0x08003728   0x0000001c   Code   RO          384    i.fputc             usart.o
    0x08003744   0x08003744   0x000000b4   Code   RO         3437    i.get_accel_prod_shift  inv_mpu.o
    0x080037f8   0x080037f8   0x00000470   Code   RO         3438    i.get_st_biases     inv_mpu.o
    0x08003c68   0x08003c68   0x00000110   Code   RO         3439    i.gyro_self_test    inv_mpu.o
    0x08003d78   0x08003d78   0x0000046c   Code   RO            2    i.init              main.o
    0x080041e4   0x080041e4   0x00000028   Code   RO         3440    i.inv_orientation_matrix_to_scalar  inv_mpu.o
    0x0800420c   0x0800420c   0x0000004e   Code   RO         3441    i.inv_row_2_scale   inv_mpu.o
    0x0800425a   0x0800425a   0x0000002e   Code   RO            3    i.is_in_th          main.o
    0x08004288   0x08004288   0x0000003c   Code   RO         4105    i.led_init          led.o
    0x080042c4   0x080042c4   0x0000032c   Code   RO            4    i.main              main.o
    0x080045f0   0x080045f0   0x00000164   Code   RO            5    i.match_square_side  main.o
    0x08004754   0x08004754   0x00000002   Code   RO         3442    i.mget_ms           inv_mpu.o
    0x08004756   0x08004756   0x00000002   PAD
    0x08004758   0x08004758   0x00000148   Code   RO            6    i.mode2             main.o
    0x080048a0   0x080048a0   0x00000230   Code   RO            7    i.mode3             main.o
    0x08004ad0   0x08004ad0   0x000001cc   Code   RO            8    i.mode4             main.o
    0x08004c9c   0x08004c9c   0x000003a0   Code   RO            9    i.mode5_            main.o
    0x0800503c   0x0800503c   0x00000268   Code   RO           10    i.mode5_2           main.o
    0x080052a4   0x080052a4   0x00000070   Code   RO         3443    i.mpu_configure_fifo  inv_mpu.o
    0x08005314   0x08005314   0x00000314   Code   RO         3444    i.mpu_dmp_get_data  inv_mpu.o
    0x08005628   0x08005628   0x000000a0   Code   RO         3445    i.mpu_dmp_init      inv_mpu.o
    0x080056c8   0x080056c8   0x0000004c   Code   RO         3446    i.mpu_get_accel_fsr  inv_mpu.o
    0x08005714   0x08005714   0x00000054   Code   RO         3448    i.mpu_get_accel_sens  inv_mpu.o
    0x08005768   0x08005768   0x00000010   Code   RO         3453    i.mpu_get_fifo_config  inv_mpu.o
    0x08005778   0x08005778   0x00000044   Code   RO         3454    i.mpu_get_gyro_fsr  inv_mpu.o
    0x080057bc   0x080057bc   0x00000050   Code   RO         3456    i.mpu_get_gyro_sens  inv_mpu.o
    0x0800580c   0x0800580c   0x00000050   Code   RO         3458    i.mpu_get_lpf       inv_mpu.o
    0x0800585c   0x0800585c   0x00000020   Code   RO         3460    i.mpu_get_sample_rate  inv_mpu.o
    0x0800587c   0x0800587c   0x000001f0   Code   RO         3462    i.mpu_init          inv_mpu.o
    0x08005a6c   0x08005a6c   0x000000b8   Code   RO         3463    i.mpu_load_firmware  inv_mpu.o
    0x08005b24   0x08005b24   0x000000e0   Code   RO         3464    i.mpu_lp_accel_mode  inv_mpu.o
    0x08005c04   0x08005c04   0x000000c0   Code   RO         3467    i.mpu_read_fifo_stream  inv_mpu.o
    0x08005cc4   0x08005cc4   0x00000080   Code   RO         3468    i.mpu_read_mem      inv_mpu.o
    0x08005d44   0x08005d44   0x000001c8   Code   RO         3471    i.mpu_reset_fifo    inv_mpu.o
    0x08005f0c   0x08005f0c   0x0000011c   Code   RO         3472    i.mpu_run_self_test  inv_mpu.o
    0x08006028   0x08006028   0x00000084   Code   RO         3474    i.mpu_set_accel_fsr  inv_mpu.o
    0x080060ac   0x080060ac   0x0000014c   Code   RO         3475    i.mpu_set_bypass    inv_mpu.o
    0x080061f8   0x080061f8   0x00000090   Code   RO         3477    i.mpu_set_dmp_state  inv_mpu.o
    0x08006288   0x08006288   0x00000088   Code   RO         3478    i.mpu_set_gyro_fsr  inv_mpu.o
    0x08006310   0x08006310   0x0000006c   Code   RO         3479    i.mpu_set_int_latched  inv_mpu.o
    0x0800637c   0x0800637c   0x00000084   Code   RO         3481    i.mpu_set_lpf       inv_mpu.o
    0x08006400   0x08006400   0x0000009c   Code   RO         3482    i.mpu_set_sample_rate  inv_mpu.o
    0x0800649c   0x0800649c   0x000000d0   Code   RO         3483    i.mpu_set_sensors   inv_mpu.o
    0x0800656c   0x0800656c   0x00000080   Code   RO         3484    i.mpu_write_mem     inv_mpu.o
    0x080065ec   0x080065ec   0x00000018   Code   RO           11    i.my_abs            main.o
    0x08006604   0x08006604   0x00000020   Code   RO         3485    i.myfabs            inv_mpu.o
    0x08006624   0x08006624   0x0000017c   Code   RO          385    i.recive_handle     usart.o
    0x080067a0   0x080067a0   0x00000094   Code   RO         3486    i.run_self_test     inv_mpu.o
    0x08006834   0x08006834   0x00000090   Code   RO         3487    i.set_int_enable    inv_mpu.o
    0x080068c4   0x080068c4   0x0000004c   Code   RO         4325    i.sqrt              m_ws.l(sqrt.o)
    0x08006910   0x08006910   0x000000ac   Code   RO           12    i.test_state        main.o
    0x080069bc   0x080069bc   0x000000a0   Code   RO          386    i.uart_init         usart.o
    0x08006a5c   0x08006a5c   0x0000002c   Code   RO         4397    locale$$code        c_w.l(lc_numeric_c.o)
    0x08006a88   0x08006a88   0x00000062   Code   RO         4186    x$fpl$d2f           fz_ws.l(d2f.o)
    0x08006aea   0x08006aea   0x00000002   PAD
    0x08006aec   0x08006aec   0x00000150   Code   RO         4188    x$fpl$dadd          fz_ws.l(daddsub_clz.o)
    0x08006c3c   0x08006c3c   0x00000010   Code   RO         4401    x$fpl$dcheck1       fz_ws.l(dcheck1.o)
    0x08006c4c   0x08006c4c   0x00000018   Code   RO         4280    x$fpl$dcmpinf       fz_ws.l(dcmpi.o)
    0x08006c64   0x08006c64   0x000002b0   Code   RO         4195    x$fpl$ddiv          fz_ws.l(ddiv.o)
    0x08006f14   0x08006f14   0x00000078   Code   RO         4204    x$fpl$dleqf         fz_ws.l(dleqf.o)
    0x08006f8c   0x08006f8c   0x00000154   Code   RO         4206    x$fpl$dmul          fz_ws.l(dmul.o)
    0x080070e0   0x080070e0   0x0000009c   Code   RO         4282    x$fpl$dnaninf       fz_ws.l(dnaninf.o)
    0x0800717c   0x0800717c   0x0000000c   Code   RO         4284    x$fpl$dretinf       fz_ws.l(dretinf.o)
    0x08007188   0x08007188   0x0000006c   Code   RO         4208    x$fpl$drleqf        fz_ws.l(drleqf.o)
    0x080071f4   0x080071f4   0x00000016   Code   RO         4189    x$fpl$drsb          fz_ws.l(daddsub_clz.o)
    0x0800720a   0x0800720a   0x00000002   PAD
    0x0800720c   0x0800720c   0x000001cc   Code   RO         4403    x$fpl$dsqrt         fz_ws.l(dsqrt_noumaal.o)
    0x080073d8   0x080073d8   0x000001d4   Code   RO         4190    x$fpl$dsub          fz_ws.l(daddsub_clz.o)
    0x080075ac   0x080075ac   0x00000056   Code   RO         4210    x$fpl$f2d           fz_ws.l(f2d.o)
    0x08007602   0x08007602   0x00000002   PAD
    0x08007604   0x08007604   0x000000c4   Code   RO         4212    x$fpl$fadd          fz_ws.l(faddsub_clz.o)
    0x080076c8   0x080076c8   0x00000018   Code   RO         4286    x$fpl$fcmpinf       fz_ws.l(fcmpi.o)
    0x080076e0   0x080076e0   0x00000184   Code   RO         4219    x$fpl$fdiv          fz_ws.l(fdiv.o)
    0x08007864   0x08007864   0x00000068   Code   RO         4222    x$fpl$feqf          fz_ws.l(feqf.o)
    0x080078cc   0x080078cc   0x00000036   Code   RO         4224    x$fpl$ffix          fz_ws.l(ffix.o)
    0x08007902   0x08007902   0x00000002   PAD
    0x08007904   0x08007904   0x0000003e   Code   RO         4228    x$fpl$ffixu         fz_ws.l(ffixu.o)
    0x08007942   0x08007942   0x00000002   PAD
    0x08007944   0x08007944   0x00000030   Code   RO         4233    x$fpl$fflt          fz_ws.l(fflt_clz.o)
    0x08007974   0x08007974   0x00000026   Code   RO         4232    x$fpl$ffltu         fz_ws.l(fflt_clz.o)
    0x0800799a   0x0800799a   0x00000002   PAD
    0x0800799c   0x0800799c   0x00000068   Code   RO         4238    x$fpl$fleqf         fz_ws.l(fleqf.o)
    0x08007a04   0x08007a04   0x00000102   Code   RO         4240    x$fpl$fmul          fz_ws.l(fmul.o)
    0x08007b06   0x08007b06   0x0000008c   Code   RO         4288    x$fpl$fnaninf       fz_ws.l(fnaninf.o)
    0x08007b92   0x08007b92   0x0000000a   Code   RO         4290    x$fpl$fretinf       fz_ws.l(fretinf.o)
    0x08007b9c   0x08007b9c   0x00000062   Code   RO         4242    x$fpl$frleqf        fz_ws.l(frleqf.o)
    0x08007bfe   0x08007bfe   0x00000014   Code   RO         4213    x$fpl$frsb          fz_ws.l(faddsub_clz.o)
    0x08007c12   0x08007c12   0x00000002   PAD
    0x08007c14   0x08007c14   0x000000ea   Code   RO         4214    x$fpl$fsub          fz_ws.l(faddsub_clz.o)
    0x08007cfe   0x08007cfe   0x00000004   Code   RO         4244    x$fpl$printf1       fz_ws.l(printf1.o)
    0x08007d02   0x08007d02   0x00000064   Code   RO         4471    x$fpl$retnan        fz_ws.l(retnan.o)
    0x08007d66   0x08007d66   0x0000005c   Code   RO         4292    x$fpl$scalbn        fz_ws.l(scalbn.o)
    0x08007dc2   0x08007dc2   0x00000030   Code   RO         4483    x$fpl$trapveneer    fz_ws.l(trapv.o)
    0x08007df2   0x08007df2   0x00000000   Code   RO         4294    x$fpl$usenofp       fz_ws.l(usenofp.o)
    0x08007df2   0x08007df2   0x00000002   PAD
    0x08007df4   0x08007df4   0x00000028   Data   RO           14    .constdata          main.o
    0x08007e1c   0x08007e1c   0x00000050   Data   RO         3489    .constdata          inv_mpu.o
    0x08007e6c   0x08007e6c   0x00000bf6   Data   RO         3810    .constdata          inv_mpu_dmp_motion_driver.o
    0x08008a62   0x08008a62   0x00000011   Data   RO         4167    .constdata          c_w.l(__printf_flags_wp.o)
    0x08008a73   0x08008a73   0x00000005   PAD
    0x08008a78   0x08008a78   0x00000050   Data   RO         4248    .constdata          m_ws.l(asin.o)
    0x08008ac8   0x08008ac8   0x00000098   Data   RO         4297    .constdata          m_ws.l(atan.o)
    0x08008b60   0x08008b60   0x00000008   Data   RO         4323    .constdata          m_ws.l(qnan.o)
    0x08008b68   0x08008b68   0x00000094   Data   RO         4368    .constdata          c_w.l(bigflt0.o)
    0x08008bfc   0x08008bfc   0x0000004d   Data   RO         3490    .conststring        inv_mpu.o
    0x08008c49   0x08008c49   0x00000003   PAD
    0x08008c4c   0x08008c4c   0x00000020   Data   RO         4554    Region$$Table       anon$$obj.o
    0x08008c6c   0x08008c6c   0x0000001c   Data   RO         4396    locale$$data        c_w.l(lc_numeric_c.o)


    Execution Region ER_RW (Exec base: 0x20000000, Load base: 0x08008c88, Size: 0x00000154, Max: 0xffffffff, ABSOLUTE, COMPRESSED[0x00000050])

    Exec Addr    Load Addr    Size         Type   Attr      Idx    E Section Name        Object

    0x20000000   COMPRESSED   0x000000e8   Data   RW           15    .data               main.o
    0x200000e8   COMPRESSED   0x00000014   Data   RW          271    .data               system_stm32f10x.o
    0x200000fc   COMPRESSED   0x00000004   Data   RW          304    .data               delay.o
    0x20000100   COMPRESSED   0x00000006   Data   RW          388    .data               usart.o
    0x20000106   COMPRESSED   0x00000014   Data   RW         2044    .data               stm32f10x_rcc.o
    0x2000011a   COMPRESSED   0x00000002   PAD
    0x2000011c   COMPRESSED   0x00000035   Data   RW         3491    .data               inv_mpu.o


    Execution Region ER_ZI (Exec base: 0x20000154, Load base: 0x08008cd8, Size: 0x00002ffc, Max: 0xffffffff, ABSOLUTE)

    Exec Addr    Load Addr    Size         Type   Attr      Idx    E Section Name        Object

    0x20000154        -       0x000028c0   Zero   RW           13    .bss                main.o
    0x20002a14        -       0x000000c8   Zero   RW          387    .bss                usart.o
    0x20002adc        -       0x00000010   Zero   RW         3809    .bss                inv_mpu_dmp_motion_driver.o
    0x20002aec        -       0x00000060   Zero   RW         4408    .bss                c_w.l(libspace.o)
    0x20002b4c   0x08008cd8   0x00000004   PAD
    0x20002b50        -       0x00000200   Zero   RW          441    HEAP                startup_stm32f10x_md.o
    0x20002d50        -       0x00000400   Zero   RW          440    STACK               startup_stm32f10x_md.o


==============================================================================

Image component sizes


      Code (inc. data)   RO Data    RW Data    ZI Data      Debug   Object Name

       220         26          0          4          0     204975   delay.o
      7136        302        157         53          0      30401   inv_mpu.o
      3096        122       3062          0         16      20026   inv_mpu_dmp_motion_driver.o
        60          8          0          0          0        463   led.o
      5530        572         40        232      10432     241514   main.o
       172         22          0          0          0       1965   misc.o
       688          0          0          0          0       6635   mpu6050.o
       662        100          0          0          0       4590   mpuiic.o
        64         26        236          0       1536        780   startup_stm32f10x_md.o
       426          6          0          0          0       3241   stm32f10x_gpio.o
        26          0          0          0          0       3498   stm32f10x_it.o
       244         26          0         20          0       3777   stm32f10x_rcc.o
       408          6          0          0          0       4862   stm32f10x_usart.o
         0          0          0          0          0         32   sys.o
       328         28          0         20          0       1977   system_stm32f10x.o
       720        164          0          6        200       5117   usart.o

    ----------------------------------------------------------------------
     19796       1408       3530        340      12184     533853   Object Totals
         0          0         32          0          0          0   (incl. Generated)
        16          0          3          5          0          0   (incl. Padding)

    ----------------------------------------------------------------------

      Code (inc. data)   RO Data    RW Data    ZI Data      Debug   Library Member Name

        90          0          0          0          0          0   __dczerorl2.o
         8          0          0          0          0         68   __main.o
       312          4         17          0          0         92   __printf_flags_wp.o
        14          0          0          0          0         68   __printf_wp.o
         0          0          0          0          0          0   __rtentry.o
        12          0          0          0          0          0   __rtentry2.o
         6          0          0          0          0          0   __rtentry4.o
        52          8          0          0          0          0   __scatter.o
        28          0          0          0          0          0   __scatter_zi.o
        48          6          0          0          0         96   _printf_char_common.o
        36          4          0          0          0         80   _printf_char_file.o
         6          0          0          0          0          0   _printf_d.o
       120         16          0          0          0         92   _printf_dec.o
         6          0          0          0          0          0   _printf_f.o
      1054          0          0          0          0        216   _printf_fp_dec.o
       128         16          0          0          0         84   _printf_fp_infnan.o
       178          0          0          0          0         88   _printf_intcommon.o
         0          0          0          0          0          0   _printf_percent.o
         4          0          0          0          0          0   _printf_percent_end.o
        22          0          0          0          0        100   _rserrno.o
        16          0          0          0          0         68   aeabi_memset.o
       228          4        148          0          0         96   bigflt0.o
      1936        128          0          0          0        672   btod.o
        18          0          0          0          0         80   exit.o
         8          0          0          0          0         68   ferror.o
         6          0          0          0          0        152   heapauxi.o
        44         10         28          0          0         76   lc_numeric_c.o
         2          0          0          0          0          0   libinit.o
        18          0          0          0          0          0   libinit2.o
         2          0          0          0          0          0   libshutdown.o
         2          0          0          0          0          0   libshutdown2.o
         8          4          0          0         96         68   libspace.o
        72          0          0          0          0         76   llsdiv.o
       138          0          0          0          0         80   lludiv10.o
       238          0          0          0          0        100   lludivv7m.o
        88          0          0          0          0         76   memcmp.o
        24          4          0          0          0         84   noretval__2printf.o
         8          4          0          0          0         68   rt_errno_addr_intlibspace.o
         8          4          0          0          0         68   rt_locale_intlibspace.o
        68          0          0          0          0         68   rt_memclr.o
        78          0          0          0          0         80   rt_memclr_w.o
         2          0          0          0          0          0   rtexit.o
        10          0          0          0          0          0   rtexit2.o
       128          0          0          0          0         68   strcmpv7m.o
        74          0          0          0          0         80   sys_stackheap_outer.o
         2          0          0          0          0         68   use_no_semi.o
         2          0          0          0          0         68   use_no_semi_2.o
        98          4          0          0          0         92   d2f.o
       826         16          0          0          0        348   daddsub_clz.o
        16          4          0          0          0         68   dcheck1.o
        24          0          0          0          0         68   dcmpi.o
       688        140          0          0          0        208   ddiv.o
       120          4          0          0          0         92   dleqf.o
       340         12          0          0          0        104   dmul.o
       156          4          0          0          0         92   dnaninf.o
        12          0          0          0          0         68   dretinf.o
       108          0          0          0          0         80   drleqf.o
       460         56          0          0          0        120   dsqrt_noumaal.o
        86          4          0          0          0         84   f2d.o
       450          8          0          0          0        236   faddsub_clz.o
        24          0          0          0          0         68   fcmpi.o
       388         76          0          0          0         96   fdiv.o
       104          4          0          0          0         84   feqf.o
        54          4          0          0          0         84   ffix.o
        62          4          0          0          0         84   ffixu.o
        86          0          0          0          0        136   fflt_clz.o
       104          4          0          0          0         84   fleqf.o
       258          4          0          0          0         84   fmul.o
       140          4          0          0          0         84   fnaninf.o
        10          0          0          0          0         68   fretinf.o
        98          0          0          0          0         68   frleqf.o
         4          0          0          0          0         68   printf1.o
       100          0          0          0          0         68   retnan.o
        92          0          0          0          0         68   scalbn.o
        48          0          0          0          0         68   trapv.o
         0          0          0          0          0          0   usenofp.o
       624         52         80          0          0        168   asin.o
       544         70        152          0          0        124   atan.o
       384         38          0          0          0        144   atan2.o
        38          6          0          0          0        272   dunder.o
        40          0          0          0          0         68   fpclassify.o
       170          0          0          0          0         96   poly.o
         0          0          8          0          0          0   qnan.o
        76          0          0          0          0         84   sqrt.o

    ----------------------------------------------------------------------
     12212        730        438          0        100       7076   Library Totals
        28          0          5          0          4          0   (incl. Padding)

    ----------------------------------------------------------------------

      Code (inc. data)   RO Data    RW Data    ZI Data      Debug   Library Name

      5352        212        193          0         96       3248   c_w.l
      4956        352          0          0          0       2872   fz_ws.l
      1876        166        240          0          0        956   m_ws.l

    ----------------------------------------------------------------------
     12212        730        438          0        100       7076   Library Totals

    ----------------------------------------------------------------------

==============================================================================


      Code (inc. data)   RO Data    RW Data    ZI Data      Debug   

     32008       2138       3968        340      12284     530889   Grand Totals
     32008       2138       3968         80      12284     530889   ELF Image Totals (compressed)
     32008       2138       3968         80          0          0   ROM Totals

==============================================================================

    Total RO  Size (Code + RO Data)                35976 (  35.13kB)
    Total RW  Size (RW Data + ZI Data)             12624 (  12.33kB)
    Total ROM Size (Code + RO Data + RW Data)      36056 (  35.21kB)

==============================================================================

